[
  {
    "Value": 0
  },
  {
    "Value": 10
  },
  {
    "Value": 20
  },
  {
    "Value": 30
  },
  {
    "Value": 40
  },
  {
    "Value": 50
  },
  {
    "Value": 60
  },
  {
    "Value": 70
  },
  {
    "Value": 80
  },
  {
    "Value": 90
  },
  {
    "Value": 100
  }
]
