6 (Id = 6, Distance = 25.00)
└> 5 (Id = 5, Distance = 0)
