8 (Id = 8, Distance = 100)
└> 9 (Id = 9, Distance = 0)
