10 (Id = 10, Distance = 50.0)
├> 7 (Id = 7, Distance = 0)
└> 9 (Id = 9, Distance = 33.3333...)
   └> 8 (Id = 8, Distance = 16.6667...)
