[
  0,
  0,
  1,
  0,
  1,
  0,
  0,
  1,
  0,
  0,
  1,
  0,
  0,
  1,
  1,
  0,
  1,
  0,
  0,
  0,
  2,
  3,
  0,
  3,
  0,
  3,
  4,
  2,
  0,
  4,
  3,
  2,
  1,
  5,
  2,
  4,
  1,
  4,
  5,
  3,
  8,
  9,
  3,
  5,
  3,
  8,
  7,
  2,
  7,
  10,
  10,
  4,
  5,
  4,
  5,
  4,
  1,
  3,
  3,
  7,
  4,
  10,
  0,
  3,
  5,
  8,
  7,
  4,
  10,
  7,
  1,
  1,
  3,
  9,
  7,
  7,
  8,
  9,
  2,
  4,
  0,
  7,
  10,
  9,
  10,
  10,
  7,
  10,
  8,
  5,
  0,
  10,
  10,
  2,
  10,
  8,
  4,
  10,
  1,
  1
]
