[
  0,
  1,
  1,
  0,
  1,
  1,
  0,
  1,
  1,
  0,
  1,
  1,
  0,
  1,
  0,
  0,
  1,
  1,
  1,
  1,
  4,
  0,
  4,
  4,
  1,
  3,
  1,
  4,
  1,
  4,
  3,
  1,
  4,
  0,
  0,
  4,
  2,
  1,
  0,
  2,
  3,
  9,
  8,
  7,
  5,
  0,
  4,
  3,
  1,
  8,
  10,
  10000,
  3,
  2,
  9,
  10,
  10,
  3,
  2,
  5,
  57,
  82,
  29,
  58,
  10,
  10000,
  64,
  3,
  36,
  75,
  56,
  96,
  93,
  50,
  10000,
  81,
  10000,
  94,
  10000,
  19,
  56,
  10000,
  1118,
  8228,
  6989,
  2793,
  8761,
  4128,
  10000,
  1296,
  276,
  1789,
  10000,
  10000,
  10000,
  10000,
  10000,
  5874,
  10000,
  10000
]
