[
  0,
  1,
  1,
  1,
  0,
  1,
  0,
  1,
  1,
  0,
  1,
  1,
  0,
  1,
  0,
  0,
  1,
  1,
  0,
  0,
  0,
  3,
  1,
  4,
  2,
  2,
  2,
  4,
  1,
  2,
  3,
  5,
  5,
  0,
  1,
  3,
  3,
  3,
  1,
  5,
  1,
  7,
  7,
  8,
  10,
  5,
  1,
  2,
  3,
  4,
  9,
  6,
  9,
  10,
  9,
  2,
  9,
  10,
  4,
  9,
  10,
  10,
  3,
  8,
  2,
  6,
  10,
  0,
  10,
  8,
  5,
  4,
  10,
  3,
  1,
  6,
  8,
  8,
  10,
  10,
  6,
  10,
  3,
  8,
  1,
  4,
  10,
  10,
  10,
  5,
  2,
  3,
  10,
  6,
  9,
  5,
  8,
  5,
  10,
  10
]
