[
  0,
  0,
  0,
  0,
  0,
  1,
  0,
  0,
  0,
  2,
  0,
  1,
  0,
  1,
  1,
  1,
  0,
  0,
  2,
  0,
  1,
  3,
  0,
  0,
  0,
  1,
  1,
  2,
  4,
  3,
  0,
  1,
  2,
  0,
  1,
  5,
  4,
  1,
  5,
  4,
  3,
  0,
  1,
  6,
  6,
  6,
  8,
  1,
  9,
  8,
  3,
  8,
  2,
  3,
  12,
  11,
  11,
  1,
  5,
  10,
  14,
  100,
  17,
  13,
  7,
  14,
  12,
  7,
  7,
  20,
  4,
  12,
  100,
  100,
  6,
  25,
  100,
  4,
  16,
  100,
  37,
  100,
  25,
  2,
  12,
  31,
  6,
  30,
  8,
  100,
  100,
  100,
  100,
  100,
  100,
  100,
  59,
  100,
  100,
  19
]
