[
  4,
  1,
  8,
  8,
  4,
  9,
  5,
  3,
  0,
  3,
  3,
  1,
  2,
  10,
  3,
  6,
  1,
  1,
  0,
  4,
  0,
  9,
  2,
  6,
  8,
  2,
  5,
  1,
  10,
  9,
  4,
  8,
  1,
  0,
  7,
  7,
  6,
  4,
  2,
  5,
  6,
  5,
  9,
  2,
  6,
  3,
  4,
  4,
  5,
  3,
  7,
  8,
  3,
  0,
  8,
  8,
  2,
  6,
  10,
  1,
  8,
  0,
  4,
  2,
  2,
  5,
  8,
  10,
  3,
  2,
  9,
  1,
  6,
  4,
  0,
  8,
  2,
  0,
  2,
  1,
  8,
  0,
  7,
  7,
  6,
  5,
  8,
  1,
  8,
  2,
  0,
  2,
  3,
  9,
  1,
  7,
  4,
  3,
  5,
  6
]
