[
  31,
  64,
  2,
  73,
  13,
  98,
  75,
  94,
  17,
  83,
  38,
  47,
  9,
  23,
  88,
  53,
  49,
  3,
  14,
  53,
  69,
  4,
  63,
  7,
  52,
  38,
  49,
  58,
  12,
  87,
  32,
  64,
  66,
  91,
  60,
  69,
  71,
  94,
  26,
  39,
  28,
  13,
  79,
  57,
  76,
  57,
  97,
  77,
  82,
  92,
  90,
  14,
  85,
  86,
  66,
  13,
  48,
  73,
  3,
  40,
  43,
  86,
  73,
  83,
  68,
  47,
  72,
  68,
  72,
  89,
  11,
  7,
  65,
  28,
  47,
  76,
  73,
  33,
  56,
  90,
  77,
  72,
  73,
  68,
  69,
  83,
  66,
  26,
  67,
  32,
  2,
  44,
  74,
  34,
  98,
  99,
  27,
  32,
  29,
  60
]
