[
  0,
  -1,
  0,
  -1,
  1,
  -1,
  0,
  0,
  0,
  0,
  -1,
  -1,
  0,
  -1,
  1,
  1,
  -4,
  -4,
  -5,
  -1,
  -5,
  4,
  -3,
  1,
  3,
  -3,
  3,
  -10,
  5,
  2,
  -10,
  -4,
  -5,
  -1,
  7,
  9,
  -5,
  -1,
  -25,
  -22,
  -75,
  -86,
  -42,
  -7,
  31,
  16,
  3,
  -26,
  -47,
  64,
  -7716,
  -3788,
  -3244,
  -853,
  -6031,
  -3927,
  -819,
  -5108,
  9938,
  -6010,
  201,
  -799,
  -2147483648,
  -9927607,
  -77753319,
  -2147483648,
  -96704942,
  -15097598,
  -60159922,
  -16649421,
  -39198409,
  -83092779,
  -50123213,
  -51684908,
  -6127712,
  -2095232836,
  -1437248197,
  -842898323,
  -404042706,
  2147483647,
  -751612620,
  2147483647,
  -609896151,
  -166694624,
  -914392346,
  -1861121154,
  -2147483648,
  -1172508920,
  -808745091,
  -2147483648,
  -2147483648,
  2147483647,
  1876671735,
  -2102701749,
  -2147483648,
  537533351,
  -1691465726,
  -2147483648,
  -791478696,
  1513521051
]
