28 (Id = 28, Distance = 28.00)
├> 0 (Id = 0, Distance = 0)
├> 14 (Id = 14, Distance = 14.00)
|  ├> 7 (Id = 7, Distance = 7.00)
|  |  ├> 4 (Id = 4, Distance = 4.00)
|  |  |  ├> 2 (Id = 2, Distance = 2.00)
|  |  |  |  └> 1 (Id = 1, Distance = 1.00)
|  |  |  └> 3 (Id = 3, Distance = 3.00)
|  |  └> 6 (Id = 6, Distance = 6.00)
|  |     ├> 3 (Id = 3, Distance = 3.00)
|  |     |  └> 2 (Id = 2, Distance = 2.00)
|  |     |     └> 1 (Id = 1, Distance = 1.00)
|  |     └> 5 (Id = 5, Distance = 5.00)
|  ├> 11 (Id = 11, Distance = 11.00)
|  |  ├> 6 (Id = 6, Distance = 6.00)
|  |  |  ├> 3 (Id = 3, Distance = 3.00)
|  |  |  |  └> 2 (Id = 2, Distance = 2.00)
|  |  |  |     └> 1 (Id = 1, Distance = 1.00)
|  |  |  └> 5 (Id = 5, Distance = 5.00)
|  |  |     └> 4 (Id = 4, Distance = 4.00)
|  |  |        └> 2 (Id = 2, Distance = 2.00)
|  |  |           └> 1 (Id = 1, Distance = 1.00)
|  |  ├> 9 (Id = 9, Distance = 9.00)
|  |  |  ├> 5 (Id = 5, Distance = 5.00)
|  |  |  |  ├> 3 (Id = 3, Distance = 3.00)
|  |  |  |  |  └> 2 (Id = 2, Distance = 2.00)
|  |  |  |  |     └> 1 (Id = 1, Distance = 1.00)
|  |  |  |  └> 4 (Id = 4, Distance = 4.00)
|  |  |  |     └> 2 (Id = 2, Distance = 2.00)
|  |  |  |        └> 1 (Id = 1, Distance = 1.00)
|  |  |  └> 8 (Id = 8, Distance = 8.00)
|  |  |     └> 4 (Id = 4, Distance = 4.00)
|  |  |        ├> 2 (Id = 2, Distance = 2.00)
|  |  |        |  └> 1 (Id = 1, Distance = 1.00)
|  |  |        └> 3 (Id = 3, Distance = 3.00)
|  |  └> 10 (Id = 10, Distance = 10.0)
|  |     ├> 5 (Id = 5, Distance = 5.00)
|  |     |  ├> 3 (Id = 3, Distance = 3.00)
|  |     |  |  └> 2 (Id = 2, Distance = 2.00)
|  |     |  |     └> 1 (Id = 1, Distance = 1.00)
|  |     |  └> 4 (Id = 4, Distance = 4.00)
|  |     |     └> 2 (Id = 2, Distance = 2.00)
|  |     |        └> 1 (Id = 1, Distance = 1.00)
|  |     └> 8 (Id = 8, Distance = 8.00)
|  |        └> 4 (Id = 4, Distance = 4.00)
|  |           ├> 2 (Id = 2, Distance = 2.00)
|  |           |  └> 1 (Id = 1, Distance = 1.00)
|  |           └> 3 (Id = 3, Distance = 3.00)
|  └> 13 (Id = 13, Distance = 13.00)
|     ├> 10 (Id = 10, Distance = 10.0)
|     |  ├> 5 (Id = 5, Distance = 5.00)
|     |  |  ├> 3 (Id = 3, Distance = 3.00)
|     |  |  |  └> 2 (Id = 2, Distance = 2.00)
|     |  |  |     └> 1 (Id = 1, Distance = 1.00)
|     |  |  └> 4 (Id = 4, Distance = 4.00)
|     |  |     └> 2 (Id = 2, Distance = 2.00)
|     |  |        └> 1 (Id = 1, Distance = 1.00)
|     |  ├> 8 (Id = 8, Distance = 8.00)
|     |  |  ├> 4 (Id = 4, Distance = 4.00)
|     |  |  |  ├> 2 (Id = 2, Distance = 2.00)
|     |  |  |  |  └> 1 (Id = 1, Distance = 1.00)
|     |  |  |  └> 3 (Id = 3, Distance = 3.00)
|     |  |  └> 6 (Id = 6, Distance = 6.00)
|     |  |     └> 3 (Id = 3, Distance = 3.00)
|     |  |        └> 2 (Id = 2, Distance = 2.00)
|     |  |           └> 1 (Id = 1, Distance = 1.00)
|     |  └> 9 (Id = 9, Distance = 9.00)
|     └> 12 (Id = 12, Distance = 12.00)
|        ├> 6 (Id = 6, Distance = 6.00)
|        |  ├> 3 (Id = 3, Distance = 3.00)
|        |  |  └> 2 (Id = 2, Distance = 2.00)
|        |  |     └> 1 (Id = 1, Distance = 1.00)
|        |  └> 5 (Id = 5, Distance = 5.00)
|        |     └> 4 (Id = 4, Distance = 4.00)
|        |        └> 2 (Id = 2, Distance = 2.00)
|        |           └> 1 (Id = 1, Distance = 1.00)
|        └> 9 (Id = 9, Distance = 9.00)
|           ├> 5 (Id = 5, Distance = 5.00)
|           |  ├> 3 (Id = 3, Distance = 3.00)
|           |  |  └> 2 (Id = 2, Distance = 2.00)
|           |  |     └> 1 (Id = 1, Distance = 1.00)
|           |  └> 4 (Id = 4, Distance = 4.00)
|           |     └> 2 (Id = 2, Distance = 2.00)
|           |        └> 1 (Id = 1, Distance = 1.00)
|           └> 8 (Id = 8, Distance = 8.00)
|              └> 4 (Id = 4, Distance = 4.00)
|                 ├> 2 (Id = 2, Distance = 2.00)
|                 |  └> 1 (Id = 1, Distance = 1.00)
|                 └> 3 (Id = 3, Distance = 3.00)
├> 21 (Id = 21, Distance = 21.00)
|  ├> 11 (Id = 11, Distance = 11.00)
|  |  ├> 6 (Id = 6, Distance = 6.00)
|  |  |  ├> 3 (Id = 3, Distance = 3.00)
|  |  |  |  └> 2 (Id = 2, Distance = 2.00)
|  |  |  |     └> 1 (Id = 1, Distance = 1.00)
|  |  |  └> 5 (Id = 5, Distance = 5.00)
|  |  |     └> 4 (Id = 4, Distance = 4.00)
|  |  |        └> 2 (Id = 2, Distance = 2.00)
|  |  |           └> 1 (Id = 1, Distance = 1.00)
|  |  ├> 9 (Id = 9, Distance = 9.00)
