[
  0,
  0,
  0,
  0,
  0,
  0,
  0,
  0,
  -1,
  -1,
  1,
  0,
  -1,
  -1,
  1,
  4,
  2,
  1,
  2,
  3,
  0,
  -5,
  4,
  1,
  2,
  -5,
  -2,
  0,
  -5,
  10,
  2,
  1,
  -7,
  -9,
  -2,
  -5,
  9,
  8,
  -59,
  -63,
  10,
  -45,
  -32,
  69,
  -19,
  82,
  66,
  -68,
  25,
  -88,
  -2057,
  -685,
  -4527,
  -3993,
  -9115,
  -5578,
  -1287,
  -7903,
  -3358,
  -1926,
  2147483647,
  4285,
  430,
  -91246709,
  -85610267,
  -9604209,
  -4906798,
  -78355170,
  -37481001,
  -13996214,
  -11772516,
  -47119232,
  2147483647,
  -2147483648,
  -34552541,
  2147483647,
  -733227860,
  -439045141,
  -895534523,
  -1723930704,
  -2147483648,
  -1848481938,
  -2124539811,
  -2147483648,
  -1892289910,
  -956836757,
  1848022012,
  553686261,
  -1401266086,
  2147483647,
  1087037735,
  -993031380,
  2021362339,
  755761792,
  2147483647,
  2147483647,
  -2039180220,
  2147483647,
  -1818819247,
  -345905001
]
