[
  0,
  0,
  0,
  1,
  0,
  0,
  1,
  1,
  1,
  0,
  0,
  1,
  0,
  1,
  1,
  1,
  1,
  0,
  0,
  1,
  3,
  1,
  0,
  4,
  5,
  1,
  5,
  2,
  1,
  3,
  3,
  3,
  2,
  0,
  2,
  1,
  5,
  3,
  0,
  0,
  6,
  5,
  9,
  2,
  6,
  3,
  4,
  4,
  5,
  3,
  7,
  3,
  8,
  2,
  10,
  8,
  4,
  2,
  8,
  3,
  68,
  27,
  100,
  17,
  71,
  100,
  54,
  0,
  75,
  51,
  96,
  51,
  28,
  42,
  19,
  30,
  31,
  78,
  47,
  100,
  100,
  100,
  24,
  61,
  18,
  41,
  100,
  48,
  59,
  100,
  100,
  100,
  4,
  29,
  100,
  89,
  99,
  100,
  29,
  54
]
