[
  0,
  1,
  1,
  0,
  1,
  0,
  1,
  0,
  0,
  1,
  1,
  1,
  0,
  1,
  0,
  1,
  0,
  1,
  1,
  1,
  0,
  3,
  4,
  5,
  5,
  3,
  3,
  2,
  2,
  3,
  2,
  0,
  5,
  0,
  2,
  1,
  1,
  3,
  1,
  5,
  1,
  8,
  10,
  3,
  8,
  4,
  2,
  4,
  0,
  3,
  2,
  0,
  8,
  3,
  2,
  6,
  5,
  7,
  0,
  0,
  0,
  57,
  45,
  79,
  46,
  100,
  94,
  38,
  14,
  94,
  22,
  27,
  86,
  85,
  97,
  77,
  3,
  100,
  100,
  25,
  65,
  85,
  100,
  51,
  100,
  100,
  69,
  67,
  100,
  100,
  100,
  100,
  78,
  100,
  95,
  28,
  100,
  100,
  31,
  100
]
