[
  10,
  10,
  7,
  0,
  7,
  3,
  3,
  6,
  0,
  3,
  2,
  10,
  10,
  0,
  0,
  1,
  8,
  10,
  6,
  0,
  6,
  0,
  3,
  10,
  4,
  8,
  10,
  8,
  3,
  2,
  5,
  5,
  7,
  3,
  1,
  9,
  1,
  0,
  8,
  6,
  7,
  2,
  9,
  4,
  8,
  6,
  9,
  4,
  10,
  8,
  7,
  9,
  7,
  9,
  6,
  6,
  10,
  6,
  0,
  4,
  0,
  6,
  8,
  5,
  8,
  1,
  10,
  4,
  1,
  6,
  4,
  7,
  5,
  9,
  1,
  4,
  2,
  6,
  3,
  3,
  5,
  7,
  10,
  5,
  8,
  5,
  5,
  7,
  3,
  10,
  0,
  2,
  8,
  8,
  5,
  9,
  3,
  7,
  7,
  4
]
