9
..5
..7
....5
....6
......5
..8
....5
....7
......5
......6
........5
