[
  "3",
  "-4",
  "3",
  "1",
  "-1",
  "1",
  "1",
  "-3",
  "2",
  "4",
  "-4",
  "-10",
  "-3",
  "-2",
  "-2",
  "-10",
  "-2",
  "-4",
  "3",
  "-2",
  "0",
  "3",
  "1",
  "-4",
  "-2",
  "2",
  "10",
  "10",
  "-2",
  "-3",
  "3",
  "4",
  "4",
  "-10",
  "1",
  "-1",
  "-1",
  "-3",
  "-10",
  "-2",
  "1",
  "-10",
  "4",
  "1",
  "-4",
  "-1",
  "2",
  "1",
  "4",
  "4",
  "0",
  "-10",
  "3",
  "10",
  "4",
  "10",
  "-3",
  "-4",
  "-1",
  "-2",
  "-10",
  "2",
  "-2",
  "3",
  "-1",
  "1",
  "-1",
  "-3",
  "2",
  "3",
  "3",
  "1",
  "10",
  "3",
  "-2",
  "2",
  "1",
  "-4",
  "-4",
  "-1",
  "2",
  "3",
  "-1",
  "1",
  "-1",
  "1",
  "4",
  "10",
  "-3",
  "4",
  "-10",
  "-1",
  "-1",
  "-10",
  "-10",
  "2",
  "1",
  "-1",
  "-1",
  "1"
]
