(1, 5)
..(0, 5)
....(0, 0)
....(0, 3)
......(0, 2)
........(0, 1)
....(0, 4)
......(0, 2)
........(0, 1)
..(1, 0)
..(1, 3)
....(1, 2)
......(1, 1)
..(1, 4)
....(1, 2)
......(1, 1)
