[
  "a",
  "a",
  "a",
  "b",
  "a",
  "a",
  "b",
  "b",
  "b",
  "a",
  "a",
  "b",
  "a",
  "b",
  "b",
  "b",
  "b",
  "a",
  "a",
  "b",
  "d",
  "b",
  "a",
  "e",
  "f",
  "b",
  "f",
  "c",
  "b",
  "d",
  "d",
  "d",
  "c",
  "a",
  "c",
  "b",
  "f",
  "d",
  "a",
  "a",
  "g",
  "f",
  "j",
  "c",
  "g",
  "d",
  "e",
  "e",
  "f",
  "d",
  "h",
  "d",
  "i",
  "c",
  "k",
  "i",
  "e",
  "c",
  "i",
  "d",
  "&",
  "B",
  "<control>",
  "r",
  ")",
  "<control>",
  "1",
  "a",
  "-",
  "Z",
  "<control>",
  "Z",
  "C",
  "Q",
  "t",
  "E",
  "F",
  ":",
  "V",
  "<control>",
  "Z",
  "<control>",
  "O",
  "F",
  "<control>",
  "<control>",
  "<control>",
  "¦",
  "<control>",
  "<control>",
  "<control>",
  "<control>",
  "<control>",
  "-",
  "<control>",
  "È",
  "c",
  "<control>",
  "^",
  "¼"
]
