Outcome: Passed

Output:

{"testName":"InfalliblePropertyWithControlDataAsync_0","injectedValues":[0,0]}
{"testName":"InfalliblePropertyWithControlDataAsync_0","injectedValues":[0,1]}
{"testName":"InfalliblePropertyWithControlDataAsync_0","injectedValues":[0,4]}
{"testName":"InfalliblePropertyWithControlDataAsync_0","injectedValues":[0,5]}
{"testName":"InfalliblePropertyWithControlDataAsync_0","injectedValues":[0,6]}
{"testName":"InfalliblePropertyWithControlDataAsync_0","injectedValues":[0,6]}
{"testName":"InfalliblePropertyWithControlDataAsync_0","injectedValues":[0,46]}
{"testName":"InfalliblePropertyWithControlDataAsync_0","injectedValues":[0,100]}
{"testName":"InfalliblePropertyWithControlDataAsync_0","injectedValues":[0,0]}
{"testName":"InfalliblePropertyWithControlDataAsync_0","injectedValues":[0,58]}
