[1,4,10] (Id = 1252698706, Distance = 100)
└> [10,4,1] (Id = 1341935354, Distance = 0)
   ├> [10,10,10] (Id = -1521134285, Distance = 0)
   |  ├> [0,0,0] (Id = -1521134295, Distance = 0)
   |  ├> [5,5,5] (Id = -1521134290, Distance = 0)
   |  |  ├> [1,1,1] (Id = -1521134294, Distance = 0)
   |  |  ├> [3,3,3] (Id = -1521134292, Distance = 0)
   |  |  |  └> [2,2,2] (Id = -1521134293, Distance = 0)
   |  |  └> [4,4,4] (Id = -1521134291, Distance = 0)
   |  ├> [8,8,8] (Id = -1521134287, Distance = 0)
   |  |  ├> [6,6,6] (Id = -1521134289, Distance = 0)
   |  |  └> [7,7,7] (Id = -1521134288, Distance = 0)
   |  └> [9,9,9] (Id = -1521134286, Distance = 0)
   ├> [10,4,10] (Id = 2087834816, Distance = 0)
   |  ├> [4,4,4] (Id = -1521134291, Distance = 0)
   |  |  ├> [0,0,0] (Id = -1521134295, Distance = 0)
   |  |  ├> [2,2,2] (Id = -1521134293, Distance = 0)
   |  |  |  └> [1,1,1] (Id = -1521134294, Distance = 0)
   |  |  └> [3,3,3] (Id = -1521134292, Distance = 0)
   |  ├> [0,4,0] (Id = 119308582, Distance = 0)
   |  |  ├> [4,0,4] (Id = -1670261306, Distance = 0)
   |  |  |  ├> [0,0,0] (Id = -1521134295, Distance = 0)
   |  |  |  ├> [0,0,0] (Id = 119308578, Distance = 0)
   |  |  |  ├> [2,0,2] (Id = 1372007284, Distance = 0)
   |  |  |  |  ├> [2,2,2] (Id = -1521134293, Distance = 0)
   |  |  |  |  |  └> [1,1,1] (Id = -1521134294, Distance = 0)
   |  |  |  |  └> [1,0,1] (Id = -1401825717, Distance = 0)
   |  |  |  |     └> [1,1,1] (Id = -1521134294, Distance = 0)
   |  |  |  └> [3,0,3] (Id = -149127011, Distance = 0)
   |  |  |     └> [3,3,3] (Id = -1521134292, Distance = 0)
   |  |  ├> [0,0,0] (Id = -1521134295, Distance = 0)
   |  |  ├> [0,0,0] (Id = 119308578, Distance = 0)
   |  |  ├> [0,2,0] (Id = 119308580, Distance = 0)
   |  |  |  ├> [2,0,2] (Id = 1372007284, Distance = 0)
   |  |  |  |  ├> [2,2,2] (Id = -1521134293, Distance = 0)
   |  |  |  |  |  └> [1,1,1] (Id = -1521134294, Distance = 0)
   |  |  |  |  └> [1,0,1] (Id = -1401825717, Distance = 0)
   |  |  |  |     └> [1,1,1] (Id = -1521134294, Distance = 0)
   |  |  |  ├> [2,2,2] (Id = -1521134293, Distance = 0)
   |  |  |  |  └> [1,1,1] (Id = -1521134294, Distance = 0)
   |  |  |  └> [0,1,0] (Id = 119308579, Distance = 0)
   |  |  |     ├> [1,0,1] (Id = -1401825717, Distance = 0)
   |  |  |     |  └> [1,1,1] (Id = -1521134294, Distance = 0)
   |  |  |     └> [1,1,1] (Id = -1521134294, Distance = 0)
   |  |  └> [0,3,0] (Id = 119308581, Distance = 0)
   |  |     ├> [3,0,3] (Id = -149127011, Distance = 0)
   |  |     |  └> [3,3,3] (Id = -1521134292, Distance = 0)
   |  |     └> [3,3,3] (Id = -1521134292, Distance = 0)
   |  ├> [5,4,5] (Id = 1103571699, Distance = 0)
   |  |  ├> [5,5,5] (Id = -1521134290, Distance = 0)
   |  |  |  ├> [1,1,1] (Id = -1521134294, Distance = 0)
   |  |  |  └> [3,3,3] (Id = -1521134292, Distance = 0)
   |  |  |     └> [2,2,2] (Id = -1521134293, Distance = 0)
   |  |  ├> [1,4,1] (Id = -1401825713, Distance = 0)
   |  |  |  ├> [4,1,4] (Id = -1670261305, Distance = 0)
   |  |  |  |  ├> [1,1,1] (Id = -1521134294, Distance = 0)
   |  |  |  |  ├> [0,1,0] (Id = 119308579, Distance = 0)
   |  |  |  |  |  ├> [1,0,1] (Id = -1401825717, Distance = 0)
   |  |  |  |  |  |  └> [0,0,0] (Id = -1521134295, Distance = 0)
   |  |  |  |  |  └> [0,0,0] (Id = -1521134295, Distance = 0)
   |  |  |  |  ├> [2,1,2] (Id = 1372007285, Distance = 0)
   |  |  |  |  |  ├> [2,2,2] (Id = -1521134293, Distance = 0)
   |  |  |  |  |  └> [1,1,1] (Id = -1401825716, Distance = 0)
   |  |  |  |  └> [3,1,3] (Id = -149127010, Distance = 0)
   |  |  |  |     └> [3,3,3] (Id = -1521134292, Distance = 0)
   |  |  |  ├> [1,1,1] (Id = -1521134294, Distance = 0)
   |  |  |  ├> [1,0,1] (Id = -1401825717, Distance = 0)
   |  |  |  |  └> [0,0,0] (Id = -1521134295, Distance = 0)
   |  |  |  ├> [1,2,1] (Id = -1401825715, Distance = 0)
   |  |  |  |  ├> [2,1,2] (Id = 1372007285, Distance = 0)
   |  |  |  |  |  ├> [2,2,2] (Id = -1521134293, Distance = 0)
   |  |  |  |  |  └> [1,1,1] (Id = -1401825716, Distance = 0)
   |  |  |  |  ├> [2,2,2] (Id = -1521134293, Distance = 0)
   |  |  |  |  └> [1,1,1] (Id = -1401825716, Distance = 0)
   |  |  |  └> [1,3,1] (Id = -1401825714, Distance = 0)
   |  |  |     ├> [3,1,3] (Id = -149127010, Distance = 0)
   |  |  |     |  └> [3,3,3] (Id = -1521134292, Distance = 0)
   |  |  |     └> [3,3,3] (Id = -1521134292, Distance = 0)
   |  |  ├> [3,4,3] (Id = -149127007, Distance = 0)
   |  |  |  ├> [4,3,4] (Id = -1670261303, Distance = 0)
   |  |  |  |  ├> [3,3,3] (Id = -1521134292, Distance = 0)
   |  |  |  |  |  └> [2,2,2] (Id = -1521134293, Distance = 0)
   |  |  |  |  ├> [0,3,0] (Id = 119308581, Distance = 0)
   |  |  |  |  |  ├> [3,0,3] (Id = -149127011, Distance = 0)
   |  |  |  |  |  |  ├> [0,0,0] (Id = -1521134295, Distance = 0)
   |  |  |  |  |  |  └> [2,0,2] (Id = 1372007284, Distance = 0)
   |  |  |  |  |  |     └> [2,2,2] (Id = -1521134293, Distance = 0)
   |  |  |  |  |  ├> [0,0,0] (Id = -1521134295, Distance = 0)
   |  |  |  |  |  └> [0,2,0] (Id = 119308580, Distance = 0)
   |  |  |  |  |     ├> [2,0,2] (Id = 1372007284, Distance = 0)
   |  |  |  |  |     |  └> [2,2,2] (Id = -1521134293, Distance = 0)
   |  |  |  |  |     └> [2,2,2] (Id = -1521134293, Distance = 0)
   |  |  |  |  ├> [2,3,2] (Id = 1372007287, Distance = 0)
   |  |  |  |  |  ├> [3,2,3] (Id = -149127009, Distance = 0)
   |  |  |  |  |  |  ├> [2,2,2] (Id = -1521134293, Distance = 0)
   |  |  |  |  |  |  |  └> [1,1,1] (Id = -1521134294, Distance = 0)
   |  |  |  |  |  |  ├> [2,2,2] (Id = 1372007286, Distance = 0)
   |  |  |  |  |  |  |  └> [2,1,2] (Id = 1372007285, Distance = 0)
   |  |  |  |  |  |  |     └> [1,1,1] (Id = -1521134294, Distance = 0)
   |  |  |  |  |  |  └> [3,1,3] (Id = -149127010, Distance = 0)
   |  |  |  |  |  |     ├> [1,1,1] (Id = -1521134294, Distance = 0)
   |  |  |  |  |  |     └> [2,1,2] (Id = 1372007285, Distance = 0)
   |  |  |  |  |  ├> [2,2,2] (Id = -1521134293, Distance = 0)
   |  |  |  |  |  |  └> [1,1,1] (Id = -1521134294, Distance = 0)
   |  |  |  |  |  ├> [1,3,1] (Id = -1401825714, Distance = 0)
   |  |  |  |  |  |  ├> [3,1,3] (Id = -149127010, Distance = 0)
   |  |  |  |  |  |  |  ├> [1,1,1] (Id = -1521134294, Distance = 0)
   |  |  |  |  |  |  |  └> [2,1,2] (Id = 1372007285, Distance = 0)
   |  |  |  |  |  |  ├> [1,1,1] (Id = -1521134294, Distance = 0)
   |  |  |  |  |  |  └> [1,2,1] (Id = -1401825715, Distance = 0)
   |  |  |  |  |  |     └> [2,1,2] (Id = 1372007285, Distance = 0)
   |  |  |  |  |  └> [2,2,2] (Id = 1372007286, Distance = 0)
   |  |  |  |  |     └> [1,2,1] (Id = -1401825715, Distance = 0)
   |  |  |  |  |        ├> [2,1,2] (Id = 1372007285, Distance = 0)
   |  |  |  |  |        |  └> [1,1,1] (Id = -1521134294, Distance = 0)
   |  |  |  |  |        └> [1,1,1] (Id = -1521134294, Distance = 0)
   |  |  |  |  ├> [3,3,3] (Id = -149127008, Distance = 0)
   |  |  |  |  |  └> [3,2,3] (Id = -149127009, Distance = 0)
   |  |  |  |  |     └> [2,2,2] (Id = -1521134293, Distance = 0)
   |  |  |  |  └> [4,2,4] (Id = -1670261304, Distance = 0)
   |  |  |  |     ├> [2,2,2] (Id = -1521134293, Distance = 0)
   |  |  |  |     ├> [0,2,0] (Id = 119308580, Distance = 0)
   |  |  |  |     |  ├> [2,0,2] (Id = 1372007284, Distance = 0)
   |  |  |  |     |  |  └> [0,0,0] (Id = -1521134295, Distance = 0)
   |  |  |  |     |  └> [0,0,0] (Id = -1521134295, Distance = 0)
   |  |  |  |     ├> [2,2,2] (Id = 1372007286, Distance = 0)
   |  |  |  |     |  └> [1,2,1] (Id = -1401825715, Distance = 0)
   |  |  |  |     |     ├> [2,1,2] (Id = 1372007285, Distance = 0)
   |  |  |  |     |     |  └> [1,1,1] (Id = -1521134294, Distance = 0)
   |  |  |  |     |     └> [1,1,1] (Id = -1521134294, Distance = 0)
   |  |  |  |     └> [3,2,3] (Id = -149127009, Distance = 0)
   |  |  |  ├> [3,3,3] (Id = -1521134292, Distance = 0)
   |  |  |  |  └> [2,2,2] (Id = -1521134293, Distance = 0)
   |  |  |  ├> [2,4,2] (Id = 1372007288, Distance = 0)
   |  |  |  |  ├> [4,2,4] (Id = -1670261304, Distance = 0)
   |  |  |  |  |  ├> [2,2,2] (Id = -1521134293, Distance = 0)
   |  |  |  |  |  ├> [0,2,0] (Id = 119308580, Distance = 0)
   |  |  |  |  |  |  ├> [2,0,2] (Id = 1372007284, Distance = 0)
   |  |  |  |  |  |  |  └> [0,0,0] (Id = -1521134295, Distance = 0)
   |  |  |  |  |  |  └> [0,0,0] (Id = -1521134295, Distance = 0)
   |  |  |  |  |  ├> [2,2,2] (Id = 1372007286, Distance = 0)
   |  |  |  |  |  |  └> [1,2,1] (Id = -1401825715, Distance = 0)
   |  |  |  |  |  |     ├> [2,1,2] (Id = 1372007285, Distance = 0)
   |  |  |  |  |  |     |  └> [1,1,1] (Id = -1521134294, Distance = 0)
   |  |  |  |  |  |     └> [1,1,1] (Id = -1521134294, Distance = 0)
   |  |  |  |  |  └> [3,2,3] (Id = -149127009, Distance = 0)
   |  |  |  |  ├> [2,2,2] (Id = -1521134293, Distance = 0)
   |  |  |  |  ├> [2,0,2] (Id = 1372007284, Distance = 0)
   |  |  |  |  |  └> [0,0,0] (Id = -1521134295, Distance = 0)
   |  |  |  |  ├> [2,2,2] (Id = 1372007286, Distance = 0)
   |  |  |  |  |  └> [2,1,2] (Id = 1372007285, Distance = 0)
   |  |  |  |  |     └> [1,1,1] (Id = -1521134294, Distance = 0)
   |  |  |  |  └> [2,3,2] (Id = 1372007287, Distance = 0)
   |  |  |  |     └> [3,2,3] (Id = -149127009, Distance = 0)
   |  |  |  ├> [3,0,3] (Id = -149127011, Distance = 0)
   |  |  |  |  ├> [0,0,0] (Id = -1521134295, Distance = 0)
   |  |  |  |  └> [2,0,2] (Id = 1372007284, Distance = 0)
   |  |  |  |     └> [2,2,2] (Id = -1521134293, Distance = 0)
   |  |  |  ├> [3,2,3] (Id = -149127009, Distance = 0)
   |  |  |  |  ├> [2,2,2] (Id = -1521134293, Distance = 0)
   |  |  |  |  |  └> [1,1,1] (Id = -1521134294, Distance = 0)
   |  |  |  |  ├> [2,2,2] (Id = 1372007286, Distance = 0)
   |  |  |  |  |  └> [2,1,2] (Id = 1372007285, Distance = 0)
   |  |  |  |  |     └> [1,1,1] (Id = -1521134294, Distance = 0)
   |  |  |  |  └> [3,1,3] (Id = -149127010, Distance = 0)
   |  |  |  |     ├> [1,1,1] (Id = -1521134294, Distance = 0)
   |  |  |  |     └> [2,1,2] (Id = 1372007285, Distance = 0)
   |  |  |  └> [3,3,3] (Id = -149127008, Distance = 0)
   |  |  |     └> [2,3,2] (Id = 1372007287, Distance = 0)
   |  |  |        └> [2,2,2] (Id = -1521134293, Distance = 0)
   |  |  ├> [4,4,4] (Id = -1670261302, Distance = 0)
   |  |  |  ├> [4,0,4] (Id = -1670261306, Distance = 0)
   |  |  |  |  └> [0,0,0] (Id = -1521134295, Distance = 0)
   |  |  |  ├> [4,2,4] (Id = -1670261304, Distance = 0)
   |  |  |  |  ├> [2,2,2] (Id = -1521134293, Distance = 0)
   |  |  |  |  |  └> [1,1,1] (Id = -1521134294, Distance = 0)
   |  |  |  |  └> [4,1,4] (Id = -1670261305, Distance = 0)
   |  |  |  |     └> [1,1,1] (Id = -1521134294, Distance = 0)
   |  |  |  └> [4,3,4] (Id = -1670261303, Distance = 0)
   |  |  |     └> [3,3,3] (Id = -1521134292, Distance = 0)
   |  |  ├> [5,0,5] (Id = 1103571695, Distance = 0)
   |  |  |  ├> [0,0,0] (Id = -1521134295, Distance = 0)
   |  |  |  ├> [1,0,1] (Id = -1401825717, Distance = 0)
   |  |  |  |  └> [1,1,1] (Id = -1521134294, Distance = 0)
   |  |  |  ├> [3,0,3] (Id = -149127011, Distance = 0)
   |  |  |  |  ├> [3,3,3] (Id = -1521134292, Distance = 0)
   |  |  |  |  |  └> [2,2,2] (Id = -1521134293, Distance = 0)
   |  |  |  |  └> [2,0,2] (Id = 1372007284, Distance = 0)
   |  |  |  |     └> [2,2,2] (Id = -1521134293, Distance = 0)
   |  |  |  └> [4,0,4] (Id = -1670261306, Distance = 0)
   |  |  ├> [5,2,5] (Id = 1103571697, Distance = 0)
   |  |  |  ├> [2,2,2] (Id = -1521134293, Distance = 0)
   |  |  |  |  └> [1,1,1] (Id = -1521134294, Distance = 0)
   |  |  |  ├> [1,2,1] (Id = -1401825715, Distance = 0)
   |  |  |  |  ├> [2,1,2] (Id = 1372007285, Distance = 0)
   |  |  |  |  |  ├> [1,1,1] (Id = -1521134294, Distance = 0)
   |  |  |  |  |  └> [1,1,1] (Id = -1401825716, Distance = 0)
   |  |  |  |  ├> [1,1,1] (Id = -1521134294, Distance = 0)
   |  |  |  |  └> [1,1,1] (Id = -1401825716, Distance = 0)
   |  |  |  ├> [3,2,3] (Id = -149127009, Distance = 0)
   |  |  |  |  ├> [3,3,3] (Id = -1521134292, Distance = 0)
   |  |  |  |  ├> [2,2,2] (Id = 1372007286, Distance = 0)
   |  |  |  |  |  └> [2,1,2] (Id = 1372007285, Distance = 0)
   |  |  |  |  |     └> [1,1,1] (Id = -1521134294, Distance = 0)
   |  |  |  |  └> [3,1,3] (Id = -149127010, Distance = 0)
   |  |  |  |     ├> [1,1,1] (Id = -1521134294, Distance = 0)
   |  |  |  |     └> [2,1,2] (Id = 1372007285, Distance = 0)
   |  |  |  ├> [4,2,4] (Id = -1670261304, Distance = 0)
   |  |  |  |  └> [4,1,4] (Id = -1670261305, Distance = 0)
   |  |  |  |     └> [1,1,1] (Id = -1521134294, Distance = 0)
   |  |  |  └> [5,1,5] (Id = 1103571696, Distance = 0)
   |  |  |     ├> [1,1,1] (Id = -1521134294, Distance = 0)
   |  |  |     ├> [1,1,1] (Id = -1401825716, Distance = 0)
   |  |  |     ├> [3,1,3] (Id = -149127010, Distance = 0)
   |  |  |     |  ├> [3,3,3] (Id = -1521134292, Distance = 0)
   |  |  |     |  └> [2,1,2] (Id = 1372007285, Distance = 0)
   |  |  |     └> [4,1,4] (Id = -1670261305, Distance = 0)
   |  |  └> [5,3,5] (Id = 1103571698, Distance = 0)
   |  |     ├> [3,3,3] (Id = -1521134292, Distance = 0)
   |  |     ├> [1,3,1] (Id = -1401825714, Distance = 0)
   |  |     |  ├> [3,1,3] (Id = -149127010, Distance = 0)
   |  |     |  |  └> [1,1,1] (Id = -1521134294, Distance = 0)
   |  |     |  └> [1,1,1] (Id = -1521134294, Distance = 0)
   |  |     ├> [3,3,3] (Id = -149127008, Distance = 0)
   |  |     |  └> [2,3,2] (Id = 1372007287, Distance = 0)
   |  |     |     ├> [3,2,3] (Id = -149127009, Distance = 0)
   |  |     |     |  └> [2,2,2] (Id = -1521134293, Distance = 0)
   |  |     |     └> [2,2,2] (Id = -1521134293, Distance = 0)
   |  |     └> [4,3,4] (Id = -1670261303, Distance = 0)
   |  ├> [8,4,8] (Id = 835136110, Distance = 0)
   |  |  ├> [8,8,8] (Id = -1521134287, Distance = 0)
   |  |  |  ├> [6,6,6] (Id = -1521134289, Distance = 0)
   |  |  |  └> [7,7,7] (Id = -1521134288, Distance = 0)
   |  |  ├> [6,4,6] (Id = -417562596, Distance = 0)
   |  |  |  ├> [6,6,6] (Id = -1521134289, Distance = 0)
   |  |  |  ├> [6,0,6] (Id = -417562600, Distance = 0)
   |  |  |  |  └> [0,0,0] (Id = -1521134295, Distance = 0)
   |  |  |  ├> [6,2,6] (Id = -417562598, Distance = 0)
   |  |  |  |  ├> [2,2,2] (Id = -1521134293, Distance = 0)
   |  |  |  |  |  └> [1,1,1] (Id = -1521134294, Distance = 0)
   |  |  |  |  └> [6,1,6] (Id = -417562599, Distance = 0)
   |  |  |  |     └> [1,1,1] (Id = -1521134294, Distance = 0)
   |  |  |  └> [6,3,6] (Id = -417562597, Distance = 0)
   |  |  |     └> [3,3,3] (Id = -1521134292, Distance = 0)
   |  |  ├> [7,4,7] (Id = -1938696891, Distance = 0)
   |  |  |  ├> [7,7,7] (Id = -1521134288, Distance = 0)
   |  |  |  ├> [7,0,7] (Id = -1938696895, Distance = 0)
   |  |  |  |  └> [0,0,0] (Id = -1521134295, Distance = 0)
   |  |  |  ├> [7,2,7] (Id = -1938696893, Distance = 0)
   |  |  |  |  ├> [2,2,2] (Id = -1521134293, Distance = 0)
   |  |  |  |  |  └> [1,1,1] (Id = -1521134294, Distance = 0)
   |  |  |  |  └> [7,1,7] (Id = -1938696894, Distance = 0)
   |  |  |  |     └> [1,1,1] (Id = -1521134294, Distance = 0)
   |  |  |  └> [7,3,7] (Id = -1938696892, Distance = 0)
   |  |  |     └> [3,3,3] (Id = -1521134292, Distance = 0)
   |  |  ├> [8,0,8] (Id = 835136106, Distance = 0)
   |  |  |  ├> [0,0,0] (Id = -1521134295, Distance = 0)
   |  |  |  ├> [6,0,6] (Id = -417562600, Distance = 0)
   |  |  |  |  └> [6,6,6] (Id = -1521134289, Distance = 0)
   |  |  |  └> [7,0,7] (Id = -1938696895, Distance = 0)
   |  |  |     └> [7,7,7] (Id = -1521134288, Distance = 0)
   |  |  ├> [8,2,8] (Id = 835136108, Distance = 0)
   |  |  |  ├> [2,2,2] (Id = -1521134293, Distance = 0)
   |  |  |  |  └> [1,1,1] (Id = -1521134294, Distance = 0)
   |  |  |  ├> [6,2,6] (Id = -417562598, Distance = 0)
   |  |  |  |  ├> [6,6,6] (Id = -1521134289, Distance = 0)
   |  |  |  |  └> [6,1,6] (Id = -417562599, Distance = 0)
   |  |  |  |     └> [1,1,1] (Id = -1521134294, Distance = 0)
   |  |  |  ├> [7,2,7] (Id = -1938696893, Distance = 0)
   |  |  |  |  ├> [7,7,7] (Id = -1521134288, Distance = 0)
   |  |  |  |  └> [7,1,7] (Id = -1938696894, Distance = 0)
   |  |  |  |     └> [1,1,1] (Id = -1521134294, Distance = 0)
   |  |  |  └> [8,1,8] (Id = 835136107, Distance = 0)
   |  |  |     ├> [1,1,1] (Id = -1521134294, Distance = 0)
   |  |  |     ├> [6,1,6] (Id = -417562599, Distance = 0)
   |  |  |     |  └> [6,6,6] (Id = -1521134289, Distance = 0)
   |  |  |     └> [7,1,7] (Id = -1938696894, Distance = 0)
   |  |  |        └> [7,7,7] (Id = -1521134288, Distance = 0)
   |  |  └> [8,3,8] (Id = 835136109, Distance = 0)
   |  |     ├> [3,3,3] (Id = -1521134292, Distance = 0)
   |  |     ├> [6,3,6] (Id = -417562597, Distance = 0)
   |  |     |  └> [6,6,6] (Id = -1521134289, Distance = 0)
   |  |     └> [7,3,7] (Id = -1938696892, Distance = 0)
   |  |        └> [7,7,7] (Id = -1521134288, Distance = 0)
   |  ├> [9,4,9] (Id = -685998185, Distance = 0)
   |  |  ├> [9,9,9] (Id = -1521134286, Distance = 0)
   |  |  ├> [9,0,9] (Id = -685998189, Distance = 0)
   |  |  |  └> [0,0,0] (Id = -1521134295, Distance = 0)
   |  |  ├> [9,2,9] (Id = -685998187, Distance = 0)
   |  |  |  ├> [2,2,2] (Id = -1521134293, Distance = 0)
   |  |  |  |  └> [1,1,1] (Id = -1521134294, Distance = 0)
   |  |  |  └> [9,1,9] (Id = -685998188, Distance = 0)
   |  |  |     └> [1,1,1] (Id = -1521134294, Distance = 0)
   |  |  └> [9,3,9] (Id = -685998186, Distance = 0)
   |  |     └> [3,3,3] (Id = -1521134292, Distance = 0)
   |  ├> [10,0,10] (Id = 2087834812, Distance = 0)
   |  |  ├> [0,0,0] (Id = -1521134295, Distance = 0)
   |  |  ├> [0,0,0] (Id = 119308578, Distance = 0)
   |  |  ├> [5,0,5] (Id = 1103571695, Distance = 0)
   |  |  |  ├> [5,5,5] (Id = -1521134290, Distance = 0)
   |  |  |  |  ├> [1,1,1] (Id = -1521134294, Distance = 0)
   |  |  |  |  └> [3,3,3] (Id = -1521134292, Distance = 0)
   |  |  |  |     └> [2,2,2] (Id = -1521134293, Distance = 0)
   |  |  |  ├> [1,0,1] (Id = -1401825717, Distance = 0)
   |  |  |  |  └> [1,1,1] (Id = -1521134294, Distance = 0)
   |  |  |  ├> [3,0,3] (Id = -149127011, Distance = 0)
   |  |  |  |  ├> [3,3,3] (Id = -1521134292, Distance = 0)
   |  |  |  |  |  └> [2,2,2] (Id = -1521134293, Distance = 0)
   |  |  |  |  └> [2,0,2] (Id = 1372007284, Distance = 0)
   |  |  |  |     └> [2,2,2] (Id = -1521134293, Distance = 0)
   |  |  |  └> [4,0,4] (Id = -1670261306, Distance = 0)
   |  |  ├> [8,0,8] (Id = 835136106, Distance = 0)
   |  |  |  ├> [8,8,8] (Id = -1521134287, Distance = 0)
   |  |  |  |  ├> [6,6,6] (Id = -1521134289, Distance = 0)
   |  |  |  |  └> [7,7,7] (Id = -1521134288, Distance = 0)
   |  |  |  ├> [6,0,6] (Id = -417562600, Distance = 0)
   |  |  |  |  └> [6,6,6] (Id = -1521134289, Distance = 0)
   |  |  |  └> [7,0,7] (Id = -1938696895, Distance = 0)
   |  |  |     └> [7,7,7] (Id = -1521134288, Distance = 0)
   |  |  └> [9,0,9] (Id = -685998189, Distance = 0)
   |  |     └> [9,9,9] (Id = -1521134286, Distance = 0)
   |  ├> [10,2,10] (Id = 2087834814, Distance = 0)
   |  |  ├> [2,2,2] (Id = -1521134293, Distance = 0)
   |  |  |  └> [1,1,1] (Id = -1521134294, Distance = 0)
   |  |  ├> [0,2,0] (Id = 119308580, Distance = 0)
   |  |  |  ├> [2,0,2] (Id = 1372007284, Distance = 0)
   |  |  |  |  ├> [0,0,0] (Id = -1521134295, Distance = 0)
   |  |  |  |  └> [1,0,1] (Id = -1401825717, Distance = 0)
   |  |  |  |     └> [1,1,1] (Id = -1521134294, Distance = 0)
   |  |  |  ├> [0,0,0] (Id = -1521134295, Distance = 0)
   |  |  |  └> [0,1,0] (Id = 119308579, Distance = 0)
   |  |  |     ├> [1,0,1] (Id = -1401825717, Distance = 0)
   |  |  |     |  └> [1,1,1] (Id = -1521134294, Distance = 0)
   |  |  |     └> [1,1,1] (Id = -1521134294, Distance = 0)
   |  |  ├> [5,2,5] (Id = 1103571697, Distance = 0)
   |  |  |  ├> [5,5,5] (Id = -1521134290, Distance = 0)
   |  |  |  |  ├> [1,1,1] (Id = -1521134294, Distance = 0)
   |  |  |  |  └> [3,3,3] (Id = -1521134292, Distance = 0)
   |  |  |  ├> [1,2,1] (Id = -1401825715, Distance = 0)
   |  |  |  |  ├> [2,1,2] (Id = 1372007285, Distance = 0)
   |  |  |  |  |  ├> [1,1,1] (Id = -1521134294, Distance = 0)
   |  |  |  |  |  └> [1,1,1] (Id = -1401825716, Distance = 0)
   |  |  |  |  ├> [1,1,1] (Id = -1521134294, Distance = 0)
   |  |  |  |  └> [1,1,1] (Id = -1401825716, Distance = 0)
   |  |  |  ├> [3,2,3] (Id = -149127009, Distance = 0)
   |  |  |  |  ├> [3,3,3] (Id = -1521134292, Distance = 0)
   |  |  |  |  ├> [2,2,2] (Id = 1372007286, Distance = 0)
   |  |  |  |  |  └> [2,1,2] (Id = 1372007285, Distance = 0)
   |  |  |  |  |     └> [1,1,1] (Id = -1521134294, Distance = 0)
   |  |  |  |  └> [3,1,3] (Id = -149127010, Distance = 0)
   |  |  |  |     ├> [1,1,1] (Id = -1521134294, Distance = 0)
   |  |  |  |     └> [2,1,2] (Id = 1372007285, Distance = 0)
   |  |  |  ├> [4,2,4] (Id = -1670261304, Distance = 0)
   |  |  |  |  └> [4,1,4] (Id = -1670261305, Distance = 0)
   |  |  |  |     └> [1,1,1] (Id = -1521134294, Distance = 0)
   |  |  |  └> [5,1,5] (Id = 1103571696, Distance = 0)
   |  |  |     ├> [1,1,1] (Id = -1521134294, Distance = 0)
   |  |  |     ├> [1,1,1] (Id = -1401825716, Distance = 0)
   |  |  |     ├> [3,1,3] (Id = -149127010, Distance = 0)
   |  |  |     |  ├> [3,3,3] (Id = -1521134292, Distance = 0)
   |  |  |     |  └> [2,1,2] (Id = 1372007285, Distance = 0)
   |  |  |     └> [4,1,4] (Id = -1670261305, Distance = 0)
   |  |  ├> [8,2,8] (Id = 835136108, Distance = 0)
   |  |  |  ├> [8,8,8] (Id = -1521134287, Distance = 0)
   |  |  |  |  ├> [6,6,6] (Id = -1521134289, Distance = 0)
   |  |  |  |  └> [7,7,7] (Id = -1521134288, Distance = 0)
   |  |  |  ├> [6,2,6] (Id = -417562598, Distance = 0)
   |  |  |  |  ├> [6,6,6] (Id = -1521134289, Distance = 0)
   |  |  |  |  └> [6,1,6] (Id = -417562599, Distance = 0)
   |  |  |  |     └> [1,1,1] (Id = -1521134294, Distance = 0)
   |  |  |  ├> [7,2,7] (Id = -1938696893, Distance = 0)
   |  |  |  |  ├> [7,7,7] (Id = -1521134288, Distance = 0)
   |  |  |  |  └> [7,1,7] (Id = -1938696894, Distance = 0)
   |  |  |  |     └> [1,1,1] (Id = -1521134294, Distance = 0)
   |  |  |  └> [8,1,8] (Id = 835136107, Distance = 0)
   |  |  |     ├> [1,1,1] (Id = -1521134294, Distance = 0)
   |  |  |     ├> [6,1,6] (Id = -417562599, Distance = 0)
   |  |  |     |  └> [6,6,6] (Id = -1521134289, Distance = 0)
   |  |  |     └> [7,1,7] (Id = -1938696894, Distance = 0)
   |  |  |        └> [7,7,7] (Id = -1521134288, Distance = 0)
   |  |  ├> [9,2,9] (Id = -685998187, Distance = 0)
   |  |  |  ├> [9,9,9] (Id = -1521134286, Distance = 0)
   |  |  |  └> [9,1,9] (Id = -685998188, Distance = 0)
   |  |  |     └> [1,1,1] (Id = -1521134294, Distance = 0)
   |  |  └> [10,1,10] (Id = 2087834813, Distance = 0)
   |  |     ├> [1,1,1] (Id = -1521134294, Distance = 0)
   |  |     ├> [0,1,0] (Id = 119308579, Distance = 0)
   |  |     |  ├> [1,0,1] (Id = -1401825717, Distance = 0)
   |  |     |  |  └> [0,0,0] (Id = -1521134295, Distance = 0)
   |  |     |  └> [0,0,0] (Id = -1521134295, Distance = 0)
   |  |     ├> [5,1,5] (Id = 1103571696, Distance = 0)
   |  |     |  ├> [5,5,5] (Id = -1521134290, Distance = 0)
   |  |     |  |  └> [3,3,3] (Id = -1521134292, Distance = 0)
   |  |     |  ├> [1,1,1] (Id = -1401825716, Distance = 0)
   |  |     |  ├> [3,1,3] (Id = -149127010, Distance = 0)
   |  |     |  |  ├> [3,3,3] (Id = -1521134292, Distance = 0)
   |  |     |  |  └> [2,1,2] (Id = 1372007285, Distance = 0)
   |  |     |  └> [4,1,4] (Id = -1670261305, Distance = 0)
   |  |     ├> [8,1,8] (Id = 835136107, Distance = 0)
   |  |     |  ├> [8,8,8] (Id = -1521134287, Distance = 0)
   |  |     |  |  ├> [6,6,6] (Id = -1521134289, Distance = 0)
   |  |     |  |  └> [7,7,7] (Id = -1521134288, Distance = 0)
   |  |     |  ├> [6,1,6] (Id = -417562599, Distance = 0)
   |  |     |  |  └> [6,6,6] (Id = -1521134289, Distance = 0)
   |  |     |  └> [7,1,7] (Id = -1938696894, Distance = 0)
   |  |     |     └> [7,7,7] (Id = -1521134288, Distance = 0)
   |  |     └> [9,1,9] (Id = -685998188, Distance = 0)
   |  |        └> [9,9,9] (Id = -1521134286, Distance = 0)
   |  └> [10,3,10] (Id = 2087834815, Distance = 0)
   |     ├> [3,3,3] (Id = -1521134292, Distance = 0)
   |     ├> [0,3,0] (Id = 119308581, Distance = 0)
   |     |  ├> [3,0,3] (Id = -149127011, Distance = 0)
   |     |  |  └> [0,0,0] (Id = -1521134295, Distance = 0)
   |     |  └> [0,0,0] (Id = -1521134295, Distance = 0)
   |     ├> [5,3,5] (Id = 1103571698, Distance = 0)
   |     |  ├> [5,5,5] (Id = -1521134290, Distance = 0)
   |     |  |  └> [1,1,1] (Id = -1521134294, Distance = 0)
   |     |  ├> [1,3,1] (Id = -1401825714, Distance = 0)
   |     |  |  ├> [3,1,3] (Id = -149127010, Distance = 0)
   |     |  |  |  └> [1,1,1] (Id = -1521134294, Distance = 0)
   |     |  |  └> [1,1,1] (Id = -1521134294, Distance = 0)
   |     |  ├> [3,3,3] (Id = -149127008, Distance = 0)
   |     |  |  └> [2,3,2] (Id = 1372007287, Distance = 0)
   |     |  |     ├> [3,2,3] (Id = -149127009, Distance = 0)
   |     |  |     |  └> [2,2,2] (Id = -1521134293, Distance = 0)
   |     |  |     └> [2,2,2] (Id = -1521134293, Distance = 0)
   |     |  └> [4,3,4] (Id = -1670261303, Distance = 0)
   |     ├> [8,3,8] (Id = 835136109, Distance = 0)
   |     |  ├> [8,8,8] (Id = -1521134287, Distance = 0)
   |     |  |  ├> [6,6,6] (Id = -1521134289, Distance = 0)
   |     |  |  └> [7,7,7] (Id = -1521134288, Distance = 0)
   |     |  ├> [6,3,6] (Id = -417562597, Distance = 0)
   |     |  |  └> [6,6,6] (Id = -1521134289, Distance = 0)
   |     |  └> [7,3,7] (Id = -1938696892, Distance = 0)
   |     |     └> [7,7,7] (Id = -1521134288, Distance = 0)
   |     └> [9,3,9] (Id = -685998186, Distance = 0)
   |        └> [9,9,9] (Id = -1521134286, Distance = 0)
   ├> [4,1,4] (Id = -1670261305, Distance = 0)
   |  ├> [4,4,4] (Id = -1521134291, Distance = 0)
   |  |  ├> [0,0,0] (Id = -1521134295, Distance = 0)
   |  |  ├> [2,2,2] (Id = -1521134293, Distance = 0)
   |  |  |  └> [1,1,1] (Id = -1521134294, Distance = 0)
   |  |  └> [3,3,3] (Id = -1521134292, Distance = 0)
   |  ├> [1,1,1] (Id = -1521134294, Distance = 0)
   |  |  └> [0,0,0] (Id = -1521134295, Distance = 0)
   |  ├> [0,1,0] (Id = 119308579, Distance = 0)
   |  |  ├> [1,0,1] (Id = -1401825717, Distance = 0)
   |  |  |  ├> [0,0,0] (Id = -1521134295, Distance = 0)
   |  |  |  └> [0,0,0] (Id = 119308578, Distance = 0)
   |  |  ├> [0,0,0] (Id = -1521134295, Distance = 0)
   |  |  └> [0,0,0] (Id = 119308578, Distance = 0)
   |  ├> [2,1,2] (Id = 1372007285, Distance = 0)
   |  |  ├> [2,2,2] (Id = -1521134293, Distance = 0)
   |  |  ├> [1,1,1] (Id = -1401825716, Distance = 0)
   |  |  |  └> [1,0,1] (Id = -1401825717, Distance = 0)
   |  |  |     └> [0,0,0] (Id = -1521134295, Distance = 0)
   |  |  └> [2,0,2] (Id = 1372007284, Distance = 0)
   |  |     ├> [0,0,0] (Id = -1521134295, Distance = 0)
   |  |     └> [1,0,1] (Id = -1401825717, Distance = 0)
   |  ├> [3,1,3] (Id = -149127010, Distance = 0)
   |  |  ├> [3,3,3] (Id = -1521134292, Distance = 0)
   |  |  └> [3,0,3] (Id = -149127011, Distance = 0)
   |  |     └> [0,0,0] (Id = -1521134295, Distance = 0)
   |  └> [4,0,4] (Id = -1670261306, Distance = 0)
   |     ├> [0,0,0] (Id = -1521134295, Distance = 0)
   |     ├> [0,0,0] (Id = 119308578, Distance = 0)
   |     ├> [2,0,2] (Id = 1372007284, Distance = 0)
   |     |  ├> [2,2,2] (Id = -1521134293, Distance = 0)
   |     |  └> [1,0,1] (Id = -1401825717, Distance = 0)
   |     └> [3,0,3] (Id = -149127011, Distance = 0)
   |        └> [3,3,3] (Id = -1521134292, Distance = 0)
   └> [10,1,10] (Id = 2087834813, Distance = 0)
      ├> [1,1,1] (Id = -1521134294, Distance = 0)
      |  └> [0,0,0] (Id = -1521134295, Distance = 0)
      ├> [0,1,0] (Id = 119308579, Distance = 0)
      |  ├> [1,0,1] (Id = -1401825717, Distance = 0)
      |  |  ├> [0,0,0] (Id = -1521134295, Distance = 0)
      |  |  └> [0,0,0] (Id = 119308578, Distance = 0)
      |  ├> [0,0,0] (Id = -1521134295, Distance = 0)
      |  └> [0,0,0] (Id = 119308578, Distance = 0)
      └> [5,1,5] (Id = 1103571696, Distance = 0)
         ├> [5,5,5] (Id = -1521134290, Distance = 0)
         |  ├> [3,3,3] (Id = -1521134292, Distance = 0)
         |  |  └> [2,2,2] (Id = -1521134293, Distance = 0)
         |  └> [4,4,4] (Id = -1521134291, Distance = 0)
         ├> [1,1,1] (Id = -1401825716, Distance = 0)
         |  └> [1,0,1] (Id = -1401825717, Distance = 0)
         |     └> [0,0,0] (Id = -1521134295, Distance = 0)
         ├> [3,1,3] (Id = -149127010, Distance = 0)
         |  ├> [3,3,3] (Id = -1521134292, Distance = 0)
         |  |  └> [2,2,2] (Id = -1521134293, Distance = 0)
         |  ├> [2,1,2] (Id = 1372007285, Distance = 0)
         |  |  ├> [2,2,2] (Id = -1521134293, Distance = 0)
         |  |  └> [2,0,2] (Id = 1372007284, Distance = 0)
         |  |     └> [0,0,0] (Id = -1521134295, Distance = 0)
         |  └> [3,0,3] (Id = -149127011, Distance = 0)
         |     ├> [0,0,0] (Id = -1521134295, Distance = 0)
         |     └> [2,0,2] (Id = 1372007284, Distance = 0)
         |        └> [2,2,2] (Id = -1521134293, Distance = 0)
         └> [5,0,5] (Id = 1103571695, Distance = 0)
