{
  "Iterations": 1,
  "Discards": 0,
  "Shrinks": 0,
  "Counterexample": null,
  "Checks": [],
  "InitialParameters": {
    "Rng": {
      "Family": 0,
      "Seed": 0,
      "Order": 0
    },
    "Size": {
      "Value": 100
    }
  },
  "NextParameters": {
    "Rng": {
      "Family": 0,
      "Seed": 0,
      "Order": 0
    },
    "Size": {
      "Value": 0
    }
  },
  "TerminationReason": "ReachedMaximumIterations",
  "Falsified": false,
  "RandomnessConsumption": 0
}
