13 (Id = 13, Distance = 75.00)
├> 7 (Id = 7, Distance = 0)
├> 10 (Id = 10, Distance = 37.500)
|  ├> 8 (Id = 8, Distance = 12.500)
|  └> 9 (Id = 9, Distance = 25.00)
└> 12 (Id = 12, Distance = 62.500)
   └> 11 (Id = 11, Distance = 50.0)
