19 (Id = 19, Distance = 60.0)
├> 16 (Id = 16, Distance = 0)
└> 18 (Id = 18, Distance = 40.0)
   └> 17 (Id = 17, Distance = 20.0)
