1 (Id = 1, Distance = 25.00)
└> 0 (Id = 0, Distance = 0)
