6 (Id = 6, Distance = 100)
└> 5 (Id = 5, Distance = 0)
