-7 (Id = -7, Distance = 100)
├> -4 (Id = -4, Distance = 0)
└> -6 (Id = -6, Distance = 66.6667...)
   └> -5 (Id = -5, Distance = 33.3333...)
