Create, Update, Delete (Id = 1550704683, Distance = 233.3333...)
├> Create, Read, Delete (Id = -954692729, Distance = 200.0000)
|  ├> Delete (Id = -1521134292, Distance = 100)
|  ├> Read, Delete (Id = -149127010, Distance = 166.6667...)
|  |  └> Read (Id = -1521134294, Distance = 33.3333...)
|  ├> Create, Read (Id = -1401825717, Distance = 66.6667...)
|  |  ├> Read (Id = -1521134294, Distance = 33.3333...)
|  |  └> Create (Id = -1521134295, Distance = 0)
|  └> Create, Delete (Id = -149127011, Distance = 133.3333...)
|     └> Create (Id = -1521134295, Distance = 0)
├> Delete (Id = -1521134292, Distance = 100)
├> Update, Delete (Id = -149127009, Distance = 200.0000)
|  ├> Update (Id = -1521134293, Distance = 66.6667...)
|  |  └> Read (Id = -1521134294, Distance = 33.3333...)
|  └> Read, Delete (Id = -149127010, Distance = 166.6667...)
|     └> Read (Id = -1521134294, Distance = 33.3333...)
├> Create, Update (Id = 1372007284, Distance = 100.0000)
|  ├> Update (Id = -1521134293, Distance = 66.6667...)
|  |  └> Read (Id = -1521134294, Distance = 33.3333...)
|  ├> Create (Id = -1521134295, Distance = 0)
|  └> Create, Read (Id = -1401825717, Distance = 66.6667...)
|     └> Read (Id = -1521134294, Distance = 33.3333...)
└> Create, Delete (Id = -149127011, Distance = 133.3333...)
   └> Create (Id = -1521134295, Distance = 0)
