[
  [
    0
  ],
  [
    1
  ],
  [
    0
  ],
  [
    1,
    1
  ],
  [
    0
  ],
  [
    0,
    1
  ],
  [
    1,
    1
  ],
  [
    0
  ],
  [
    1,
    1
  ],
  [
    0
  ],
  [
    1,
    1
  ],
  [
    1
  ],
  [
    1,
    1
  ],
  [
    0
  ],
  [
    1
  ],
  [
    1,
    0
  ],
  [
    1
  ],
  [
    1,
    0
  ],
  [
    0,
    1
  ],
  [
    0,
    1
  ],
  [
    2,
    2,
    2,
    0
  ],
  [
    3,
    2
  ],
  [
    4
  ],
  [
    2,
    1,
    4
  ],
  [
    3
  ],
  [
    4,
    3,
    4,
    4
  ],
  [
    3,
    4
  ],
  [
    3,
    3,
    1,
    4
  ],
  [
    2
  ],
  [
    2,
    3,
    3,
    0
  ],
  [
    1,
    3
  ],
  [
    4,
    4,
    5,
    5
  ],
  [
    5,
    5,
    0,
    3
  ],
  [
    0
  ],
  [
    2,
    2,
    1,
    1
  ],
  [
    1,
    5,
    0
  ],
  [
    3
  ],
  [
    1,
    5,
    2,
    1
  ],
  [
    3,
    5,
    3
  ],
  [
    4,
    4
  ],
  [
    9,
    0,
    9,
    9
  ],
  [
    5,
    8,
    4
  ],
  [
    0,
    8,
    5
  ],
  [
    10
  ],
  [
    8,
    2,
    10
  ],
  [
    1
  ],
  [
    9,
    3,
    1,
    7
  ],
  [
    10
  ],
  [
    9,
    9,
    0
  ],
  [
    3,
    9
  ],
  [
    3
  ],
  [
    5,
    10
  ],
  [
    3,
    5,
    5
  ],
  [
    6,
    3
  ],
  [
    8
  ],
  [
    10,
    9,
    4
  ],
  [
    9,
    1
  ],
  [
    5,
    5,
    7
  ],
  [
    0,
    0,
    5,
    8
  ],
  [
    7,
    10
  ],
  [
    10,
    0
  ],
  [
    10,
    9,
    9,
    7
  ],
  [
    4,
    5
  ],
  [
    8
  ],
  [
    8,
    5,
    2
  ],
  [
    4,
    7,
    6
  ],
  [
    1,
    4
  ],
  [
    1,
    0,
    4,
    0
  ],
  [
    7,
    6,
    9
  ],
  [
    5,
    10,
    10
  ],
  [
    10,
    0,
    2,
    9
  ],
  [
    2,
    7,
    10
  ],
  [
    6
  ],
  [
    6,
    8
  ],
  [
    10,
    8,
    10,
    1
  ],
  [
    2
  ],
  [
    8,
    4
  ],
  [
    10,
    6
  ],
  [
    9,
    6
  ],
  [
    9
  ],
  [
    7,
    2,
    10,
    3
  ],
  [
    8,
    10,
    6,
    9
  ],
  [
    4
  ],
  [
    7,
    1,
    5,
    10
  ],
  [
    1,
    10,
    10,
    5
  ],
  [
    10
  ],
  [
    9
  ],
  [
    10,
    1,
    10,
    6
  ],
  [
    2,
    10,
    10
  ],
  [
    10,
    8,
    10,
    10
  ],
  [
    10,
    4,
    6
  ],
  [
    1
  ],
  [
    2
  ],
  [
    1,
    10
  ],
  [
    10,
    10,
    1,
    4
  ],
  [
    1,
    6,
    10,
    3
  ],
  [
    9,
    10,
    10,
    10
  ],
  [
    10,
    10,
    10,
    7
  ],
  [
    0,
    10,
    1,
    3
  ],
  [
    10
  ]
]
