[10,10,1] (Id = 536628587, Distance = 276.6667...)
├> [10] (Id = -1521134285, Distance = 100)
|  ├> [0] (Id = -1521134295, Distance = 0)
|  ├> [5] (Id = -1521134290, Distance = 50.0)
|  |  ├> [1] (Id = -1521134294, Distance = 10.0)
|  |  ├> [3] (Id = -1521134292, Distance = 30.0)
|  |  |  └> [2] (Id = -1521134293, Distance = 20.0)
|  |  └> [4] (Id = -1521134291, Distance = 40.0)
|  ├> [8] (Id = -1521134287, Distance = 80.0)
|  |  ├> [6] (Id = -1521134289, Distance = 60.0)
|  |  └> [7] (Id = -1521134288, Distance = 70.0)
|  └> [9] (Id = -1521134286, Distance = 90.0)
└> [10,10] (Id = 2087834822, Distance = 233.3333...)
   ├> [0,10] (Id = 119308588, Distance = 133.3333...)
   |  ├> [10,0] (Id = 2087834812, Distance = 133.3333...)
   |  |  ├> [0] (Id = -1521134295, Distance = 0)
   |  |  ├> [0,0] (Id = 119308578, Distance = 33.3333...)
   |  |  ├> [5,0] (Id = 1103571695, Distance = 83.3333...)
   |  |  |  ├> [5] (Id = -1521134290, Distance = 50.0)
   |  |  |  |  ├> [1] (Id = -1521134294, Distance = 10.0)
   |  |  |  |  ├> [3] (Id = -1521134292, Distance = 30.0)
   |  |  |  |  |  └> [2] (Id = -1521134293, Distance = 20.0)
   |  |  |  |  └> [4] (Id = -1521134291, Distance = 40.0)
   |  |  |  ├> [1,0] (Id = -1401825717, Distance = 43.3333...)
   |  |  |  |  └> [1] (Id = -1521134294, Distance = 10.0)
   |  |  |  ├> [3,0] (Id = -149127011, Distance = 63.3333...)
   |  |  |  |  ├> [3] (Id = -1521134292, Distance = 30.0)
   |  |  |  |  |  └> [2] (Id = -1521134293, Distance = 20.0)
   |  |  |  |  └> [2,0] (Id = 1372007284, Distance = 53.3333...)
   |  |  |  |     └> [2] (Id = -1521134293, Distance = 20.0)
   |  |  |  └> [4,0] (Id = -1670261306, Distance = 73.3333...)
   |  |  |     └> [4] (Id = -1521134291, Distance = 40.0)
   |  |  ├> [8,0] (Id = 835136106, Distance = 113.3333...)
   |  |  |  ├> [8] (Id = -1521134287, Distance = 80.0)
   |  |  |  |  ├> [6] (Id = -1521134289, Distance = 60.0)
   |  |  |  |  └> [7] (Id = -1521134288, Distance = 70.0)
   |  |  |  ├> [6,0] (Id = -417562600, Distance = 93.3333...)
   |  |  |  |  └> [6] (Id = -1521134289, Distance = 60.0)
   |  |  |  └> [7,0] (Id = -1938696895, Distance = 103.3333...)
   |  |  |     └> [7] (Id = -1521134288, Distance = 70.0)
   |  |  └> [9,0] (Id = -685998189, Distance = 123.3333...)
   |  |     └> [9] (Id = -1521134286, Distance = 90.0)
   |  ├> [0] (Id = -1521134295, Distance = 0)
   |  ├> [0,0] (Id = 119308578, Distance = 33.3333...)
   |  ├> [0,5] (Id = 119308583, Distance = 83.3333...)
   |  |  ├> [5,0] (Id = 1103571695, Distance = 83.3333...)
   |  |  |  ├> [5] (Id = -1521134290, Distance = 50.0)
   |  |  |  |  ├> [1] (Id = -1521134294, Distance = 10.0)
   |  |  |  |  ├> [3] (Id = -1521134292, Distance = 30.0)
   |  |  |  |  |  └> [2] (Id = -1521134293, Distance = 20.0)
   |  |  |  |  └> [4] (Id = -1521134291, Distance = 40.0)
   |  |  |  ├> [1,0] (Id = -1401825717, Distance = 43.3333...)
   |  |  |  |  └> [1] (Id = -1521134294, Distance = 10.0)
   |  |  |  ├> [3,0] (Id = -149127011, Distance = 63.3333...)
   |  |  |  |  ├> [3] (Id = -1521134292, Distance = 30.0)
   |  |  |  |  |  └> [2] (Id = -1521134293, Distance = 20.0)
   |  |  |  |  └> [2,0] (Id = 1372007284, Distance = 53.3333...)
   |  |  |  |     └> [2] (Id = -1521134293, Distance = 20.0)
   |  |  |  └> [4,0] (Id = -1670261306, Distance = 73.3333...)
   |  |  |     └> [4] (Id = -1521134291, Distance = 40.0)
   |  |  ├> [5] (Id = -1521134290, Distance = 50.0)
   |  |  |  ├> [1] (Id = -1521134294, Distance = 10.0)
   |  |  |  ├> [3] (Id = -1521134292, Distance = 30.0)
   |  |  |  |  └> [2] (Id = -1521134293, Distance = 20.0)
   |  |  |  └> [4] (Id = -1521134291, Distance = 40.0)
   |  |  ├> [0,1] (Id = 119308579, Distance = 43.3333...)
   |  |  |  ├> [1,0] (Id = -1401825717, Distance = 43.3333...)
   |  |  |  |  └> [1] (Id = -1521134294, Distance = 10.0)
   |  |  |  └> [1] (Id = -1521134294, Distance = 10.0)
   |  |  ├> [0,3] (Id = 119308581, Distance = 63.3333...)
   |  |  |  ├> [3,0] (Id = -149127011, Distance = 63.3333...)
   |  |  |  |  ├> [3] (Id = -1521134292, Distance = 30.0)
   |  |  |  |  |  └> [2] (Id = -1521134293, Distance = 20.0)
   |  |  |  |  └> [2,0] (Id = 1372007284, Distance = 53.3333...)
   |  |  |  |     └> [2] (Id = -1521134293, Distance = 20.0)
   |  |  |  ├> [3] (Id = -1521134292, Distance = 30.0)
   |  |  |  |  └> [2] (Id = -1521134293, Distance = 20.0)
   |  |  |  └> [0,2] (Id = 119308580, Distance = 53.3333...)
   |  |  |     ├> [2,0] (Id = 1372007284, Distance = 53.3333...)
   |  |  |     |  └> [2] (Id = -1521134293, Distance = 20.0)
   |  |  |     └> [2] (Id = -1521134293, Distance = 20.0)
   |  |  └> [0,4] (Id = 119308582, Distance = 73.3333...)
   |  |     ├> [4,0] (Id = -1670261306, Distance = 73.3333...)
   |  |     |  └> [4] (Id = -1521134291, Distance = 40.0)
   |  |     └> [4] (Id = -1521134291, Distance = 40.0)
   |  ├> [0,8] (Id = 119308586, Distance = 113.3333...)
   |  |  ├> [8,0] (Id = 835136106, Distance = 113.3333...)
   |  |  |  ├> [8] (Id = -1521134287, Distance = 80.0)
   |  |  |  |  ├> [6] (Id = -1521134289, Distance = 60.0)
   |  |  |  |  └> [7] (Id = -1521134288, Distance = 70.0)
   |  |  |  ├> [6,0] (Id = -417562600, Distance = 93.3333...)
   |  |  |  |  └> [6] (Id = -1521134289, Distance = 60.0)
   |  |  |  └> [7,0] (Id = -1938696895, Distance = 103.3333...)
   |  |  |     └> [7] (Id = -1521134288, Distance = 70.0)
   |  |  ├> [8] (Id = -1521134287, Distance = 80.0)
   |  |  |  ├> [6] (Id = -1521134289, Distance = 60.0)
   |  |  |  └> [7] (Id = -1521134288, Distance = 70.0)
   |  |  ├> [0,6] (Id = 119308584, Distance = 93.3333...)
   |  |  |  ├> [6,0] (Id = -417562600, Distance = 93.3333...)
   |  |  |  |  └> [6] (Id = -1521134289, Distance = 60.0)
   |  |  |  └> [6] (Id = -1521134289, Distance = 60.0)
   |  |  └> [0,7] (Id = 119308585, Distance = 103.3333...)
   |  |     ├> [7,0] (Id = -1938696895, Distance = 103.3333...)
   |  |     |  └> [7] (Id = -1521134288, Distance = 70.0)
   |  |     └> [7] (Id = -1521134288, Distance = 70.0)
   |  └> [0,9] (Id = 119308587, Distance = 123.3333...)
   |     ├> [9,0] (Id = -685998189, Distance = 123.3333...)
   |     |  └> [9] (Id = -1521134286, Distance = 90.0)
   |     └> [9] (Id = -1521134286, Distance = 90.0)
   └> [5,10] (Id = 1103571705, Distance = 183.3333...)
      └> [10,5] (Id = 2087834817, Distance = 183.3333...)
         ├> [5] (Id = -1521134290, Distance = 50.0)
         |  ├> [1] (Id = -1521134294, Distance = 10.0)
         |  ├> [3] (Id = -1521134292, Distance = 30.0)
         |  |  └> [2] (Id = -1521134293, Distance = 20.0)
         |  └> [4] (Id = -1521134291, Distance = 40.0)
         ├> [0,5] (Id = 119308583, Distance = 83.3333...)
         |  ├> [5,0] (Id = 1103571695, Distance = 83.3333...)
         |  |  ├> [0] (Id = -1521134295, Distance = 0)
         |  |  ├> [1,0] (Id = -1401825717, Distance = 43.3333...)
         |  |  |  └> [1] (Id = -1521134294, Distance = 10.0)
         |  |  ├> [3,0] (Id = -149127011, Distance = 63.3333...)
         |  |  |  ├> [3] (Id = -1521134292, Distance = 30.0)
         |  |  |  |  └> [2] (Id = -1521134293, Distance = 20.0)
         |  |  |  └> [2,0] (Id = 1372007284, Distance = 53.3333...)
         |  |  |     └> [2] (Id = -1521134293, Distance = 20.0)
         |  |  └> [4,0] (Id = -1670261306, Distance = 73.3333...)
         |  |     └> [4] (Id = -1521134291, Distance = 40.0)
         |  ├> [0] (Id = -1521134295, Distance = 0)
         |  ├> [0,1] (Id = 119308579, Distance = 43.3333...)
         |  |  ├> [1,0] (Id = -1401825717, Distance = 43.3333...)
         |  |  |  └> [1] (Id = -1521134294, Distance = 10.0)
         |  |  └> [1] (Id = -1521134294, Distance = 10.0)
         |  ├> [0,3] (Id = 119308581, Distance = 63.3333...)
         |  |  ├> [3,0] (Id = -149127011, Distance = 63.3333...)
         |  |  |  ├> [3] (Id = -1521134292, Distance = 30.0)
         |  |  |  |  └> [2] (Id = -1521134293, Distance = 20.0)
         |  |  |  └> [2,0] (Id = 1372007284, Distance = 53.3333...)
         |  |  |     └> [2] (Id = -1521134293, Distance = 20.0)
         |  |  ├> [3] (Id = -1521134292, Distance = 30.0)
         |  |  |  └> [2] (Id = -1521134293, Distance = 20.0)
         |  |  └> [0,2] (Id = 119308580, Distance = 53.3333...)
         |  |     ├> [2,0] (Id = 1372007284, Distance = 53.3333...)
         |  |     |  └> [2] (Id = -1521134293, Distance = 20.0)
         |  |     └> [2] (Id = -1521134293, Distance = 20.0)
         |  └> [0,4] (Id = 119308582, Distance = 73.3333...)
         |     ├> [4,0] (Id = -1670261306, Distance = 73.3333...)
         |     |  └> [4] (Id = -1521134291, Distance = 40.0)
         |     └> [4] (Id = -1521134291, Distance = 40.0)
         ├> [5,5] (Id = 1103571700, Distance = 133.3333...)
         |  ├> [1,5] (Id = -1401825712, Distance = 93.3333...)
         |  |  ├> [5,1] (Id = 1103571696, Distance = 93.3333...)
         |  |  |  ├> [1] (Id = -1521134294, Distance = 10.0)
         |  |  |  ├> [1,1] (Id = -1401825716, Distance = 53.3333...)
         |  |  |  ├> [3,1] (Id = -149127010, Distance = 73.3333...)
         |  |  |  |  ├> [3] (Id = -1521134292, Distance = 30.0)
         |  |  |  |  |  └> [2] (Id = -1521134293, Distance = 20.0)
         |  |  |  |  └> [2,1] (Id = 1372007285, Distance = 63.3333...)
         |  |  |  |     └> [2] (Id = -1521134293, Distance = 20.0)
         |  |  |  └> [4,1] (Id = -1670261305, Distance = 83.3333...)
         |  |  |     └> [4] (Id = -1521134291, Distance = 40.0)
         |  |  ├> [1] (Id = -1521134294, Distance = 10.0)
         |  |  ├> [1,1] (Id = -1401825716, Distance = 53.3333...)
         |  |  ├> [1,3] (Id = -1401825714, Distance = 73.3333...)
         |  |  |  ├> [3,1] (Id = -149127010, Distance = 73.3333...)
         |  |  |  |  ├> [3] (Id = -1521134292, Distance = 30.0)
         |  |  |  |  |  └> [2] (Id = -1521134293, Distance = 20.0)
         |  |  |  |  └> [2,1] (Id = 1372007285, Distance = 63.3333...)
         |  |  |  |     └> [2] (Id = -1521134293, Distance = 20.0)
         |  |  |  ├> [3] (Id = -1521134292, Distance = 30.0)
         |  |  |  |  └> [2] (Id = -1521134293, Distance = 20.0)
         |  |  |  └> [1,2] (Id = -1401825715, Distance = 63.3333...)
         |  |  |     ├> [2,1] (Id = 1372007285, Distance = 63.3333...)
         |  |  |     |  └> [2] (Id = -1521134293, Distance = 20.0)
         |  |  |     └> [2] (Id = -1521134293, Distance = 20.0)
         |  |  └> [1,4] (Id = -1401825713, Distance = 83.3333...)
         |  |     ├> [4,1] (Id = -1670261305, Distance = 83.3333...)
         |  |     |  └> [4] (Id = -1521134291, Distance = 40.0)
         |  |     └> [4] (Id = -1521134291, Distance = 40.0)
         |  ├> [3,5] (Id = -149127006, Distance = 113.3333...)
         |  |  ├> [5,3] (Id = 1103571698, Distance = 113.3333...)
         |  |  |  ├> [3] (Id = -1521134292, Distance = 30.0)
         |  |  |  |  └> [2] (Id = -1521134293, Distance = 20.0)
         |  |  |  ├> [1,3] (Id = -1401825714, Distance = 73.3333...)
         |  |  |  |  ├> [3,1] (Id = -149127010, Distance = 73.3333...)
         |  |  |  |  |  ├> [1] (Id = -1521134294, Distance = 10.0)
         |  |  |  |  |  └> [2,1] (Id = 1372007285, Distance = 63.3333...)
         |  |  |  |  |     └> [2] (Id = -1521134293, Distance = 20.0)
         |  |  |  |  ├> [1] (Id = -1521134294, Distance = 10.0)
         |  |  |  |  └> [1,2] (Id = -1401825715, Distance = 63.3333...)
         |  |  |  |     ├> [2,1] (Id = 1372007285, Distance = 63.3333...)
         |  |  |  |     |  └> [2] (Id = -1521134293, Distance = 20.0)
         |  |  |  |     └> [2] (Id = -1521134293, Distance = 20.0)
         |  |  |  ├> [3,3] (Id = -149127008, Distance = 93.3333...)
         |  |  |  |  ├> [2,3] (Id = 1372007287, Distance = 83.3333...)
         |  |  |  |  |  ├> [3,2] (Id = -149127009, Distance = 83.3333...)
         |  |  |  |  |  |  ├> [2] (Id = -1521134293, Distance = 20.0)
         |  |  |  |  |  |  └> [2,2] (Id = 1372007286, Distance = 73.3333...)
         |  |  |  |  |  ├> [2] (Id = -1521134293, Distance = 20.0)
         |  |  |  |  |  └> [2,2] (Id = 1372007286, Distance = 73.3333...)
         |  |  |  |  └> [3,2] (Id = -149127009, Distance = 83.3333...)
         |  |  |  |     ├> [2] (Id = -1521134293, Distance = 20.0)
         |  |  |  |     └> [2,2] (Id = 1372007286, Distance = 73.3333...)
         |  |  |  ├> [4,3] (Id = -1670261303, Distance = 103.3333...)
         |  |  |  |  ├> [4] (Id = -1521134291, Distance = 40.0)
         |  |  |  |  └> [4,2] (Id = -1670261304, Distance = 93.3333...)
         |  |  |  |     └> [2] (Id = -1521134293, Distance = 20.0)
         |  |  |  └> [5,2] (Id = 1103571697, Distance = 103.3333...)
         |  |  |     ├> [2] (Id = -1521134293, Distance = 20.0)
         |  |  |     ├> [1,2] (Id = -1401825715, Distance = 63.3333...)
         |  |  |     |  ├> [2,1] (Id = 1372007285, Distance = 63.3333...)
         |  |  |     |  |  └> [1] (Id = -1521134294, Distance = 10.0)
         |  |  |     |  └> [1] (Id = -1521134294, Distance = 10.0)
         |  |  |     ├> [3,2] (Id = -149127009, Distance = 83.3333...)
         |  |  |     |  └> [2,2] (Id = 1372007286, Distance = 73.3333...)
         |  |  |     └> [4,2] (Id = -1670261304, Distance = 93.3333...)
         |  |  |        └> [4] (Id = -1521134291, Distance = 40.0)
         |  |  ├> [3] (Id = -1521134292, Distance = 30.0)
         |  |  |  └> [2] (Id = -1521134293, Distance = 20.0)
         |  |  ├> [2,5] (Id = 1372007289, Distance = 103.3333...)
         |  |  |  ├> [5,2] (Id = 1103571697, Distance = 103.3333...)
         |  |  |  |  ├> [2] (Id = -1521134293, Distance = 20.0)
         |  |  |  |  ├> [1,2] (Id = -1401825715, Distance = 63.3333...)
         |  |  |  |  |  ├> [2,1] (Id = 1372007285, Distance = 63.3333...)
         |  |  |  |  |  |  └> [1] (Id = -1521134294, Distance = 10.0)
         |  |  |  |  |  └> [1] (Id = -1521134294, Distance = 10.0)
         |  |  |  |  ├> [3,2] (Id = -149127009, Distance = 83.3333...)
         |  |  |  |  |  └> [2,2] (Id = 1372007286, Distance = 73.3333...)
         |  |  |  |  └> [4,2] (Id = -1670261304, Distance = 93.3333...)
         |  |  |  |     └> [4] (Id = -1521134291, Distance = 40.0)
         |  |  |  ├> [2] (Id = -1521134293, Distance = 20.0)
         |  |  |  ├> [2,1] (Id = 1372007285, Distance = 63.3333...)
         |  |  |  |  └> [1] (Id = -1521134294, Distance = 10.0)
         |  |  |  ├> [2,3] (Id = 1372007287, Distance = 83.3333...)
         |  |  |  |  ├> [3,2] (Id = -149127009, Distance = 83.3333...)
         |  |  |  |  |  └> [2,2] (Id = 1372007286, Distance = 73.3333...)
         |  |  |  |  └> [2,2] (Id = 1372007286, Distance = 73.3333...)
         |  |  |  └> [2,4] (Id = 1372007288, Distance = 93.3333...)
         |  |  |     ├> [4,2] (Id = -1670261304, Distance = 93.3333...)
         |  |  |     |  └> [4] (Id = -1521134291, Distance = 40.0)
         |  |  |     └> [4] (Id = -1521134291, Distance = 40.0)
         |  |  ├> [3,1] (Id = -149127010, Distance = 73.3333...)
         |  |  |  ├> [1] (Id = -1521134294, Distance = 10.0)
         |  |  |  └> [2,1] (Id = 1372007285, Distance = 63.3333...)
         |  |  |     └> [2] (Id = -1521134293, Distance = 20.0)
         |  |  ├> [3,3] (Id = -149127008, Distance = 93.3333...)
         |  |  |  ├> [2,3] (Id = 1372007287, Distance = 83.3333...)
         |  |  |  |  ├> [3,2] (Id = -149127009, Distance = 83.3333...)
         |  |  |  |  |  ├> [2] (Id = -1521134293, Distance = 20.0)
         |  |  |  |  |  └> [2,2] (Id = 1372007286, Distance = 73.3333...)
         |  |  |  |  ├> [2] (Id = -1521134293, Distance = 20.0)
         |  |  |  |  └> [2,2] (Id = 1372007286, Distance = 73.3333...)
         |  |  |  └> [3,2] (Id = -149127009, Distance = 83.3333...)
         |  |  |     ├> [2] (Id = -1521134293, Distance = 20.0)
         |  |  |     └> [2,2] (Id = 1372007286, Distance = 73.3333...)
         |  |  └> [3,4] (Id = -149127007, Distance = 103.3333...)
         |  |     ├> [4,3] (Id = -1670261303, Distance = 103.3333...)
         |  |     |  ├> [4] (Id = -1521134291, Distance = 40.0)
         |  |     |  └> [4,2] (Id = -1670261304, Distance = 93.3333...)
         |  |     |     └> [2] (Id = -1521134293, Distance = 20.0)
         |  |     ├> [4] (Id = -1521134291, Distance = 40.0)
         |  |     └> [2,4] (Id = 1372007288, Distance = 93.3333...)
         |  |        ├> [4,2] (Id = -1670261304, Distance = 93.3333...)
         |  |        |  └> [2] (Id = -1521134293, Distance = 20.0)
         |  |        └> [2] (Id = -1521134293, Distance = 20.0)
         |  ├> [4,5] (Id = -1670261301, Distance = 123.3333...)
         |  |  ├> [5,4] (Id = 1103571699, Distance = 123.3333...)
         |  |  |  ├> [4] (Id = -1521134291, Distance = 40.0)
         |  |  |  ├> [1,4] (Id = -1401825713, Distance = 83.3333...)
         |  |  |  |  ├> [4,1] (Id = -1670261305, Distance = 83.3333...)
         |  |  |  |  |  └> [1] (Id = -1521134294, Distance = 10.0)
         |  |  |  |  └> [1] (Id = -1521134294, Distance = 10.0)
         |  |  |  ├> [3,4] (Id = -149127007, Distance = 103.3333...)
         |  |  |  |  ├> [4,3] (Id = -1670261303, Distance = 103.3333...)
         |  |  |  |  |  ├> [3] (Id = -1521134292, Distance = 30.0)
         |  |  |  |  |  |  └> [2] (Id = -1521134293, Distance = 20.0)
         |  |  |  |  |  └> [4,2] (Id = -1670261304, Distance = 93.3333...)
         |  |  |  |  |     └> [2] (Id = -1521134293, Distance = 20.0)
         |  |  |  |  ├> [3] (Id = -1521134292, Distance = 30.0)
         |  |  |  |  |  └> [2] (Id = -1521134293, Distance = 20.0)
         |  |  |  |  └> [2,4] (Id = 1372007288, Distance = 93.3333...)
         |  |  |  |     ├> [4,2] (Id = -1670261304, Distance = 93.3333...)
         |  |  |  |     |  └> [2] (Id = -1521134293, Distance = 20.0)
         |  |  |  |     └> [2] (Id = -1521134293, Distance = 20.0)
         |  |  |  └> [4,4] (Id = -1670261302, Distance = 113.3333...)
         |  |  ├> [4] (Id = -1521134291, Distance = 40.0)
         |  |  ├> [4,1] (Id = -1670261305, Distance = 83.3333...)
         |  |  |  └> [1] (Id = -1521134294, Distance = 10.0)
         |  |  ├> [4,3] (Id = -1670261303, Distance = 103.3333...)
         |  |  |  ├> [3] (Id = -1521134292, Distance = 30.0)
         |  |  |  |  └> [2] (Id = -1521134293, Distance = 20.0)
         |  |  |  └> [4,2] (Id = -1670261304, Distance = 93.3333...)
         |  |  |     └> [2] (Id = -1521134293, Distance = 20.0)
         |  |  └> [4,4] (Id = -1670261302, Distance = 113.3333...)
         |  ├> [5,1] (Id = 1103571696, Distance = 93.3333...)
         |  |  ├> [1] (Id = -1521134294, Distance = 10.0)
         |  |  ├> [1,1] (Id = -1401825716, Distance = 53.3333...)
         |  |  ├> [3,1] (Id = -149127010, Distance = 73.3333...)
         |  |  |  ├> [3] (Id = -1521134292, Distance = 30.0)
         |  |  |  |  └> [2] (Id = -1521134293, Distance = 20.0)
         |  |  |  └> [2,1] (Id = 1372007285, Distance = 63.3333...)
         |  |  |     └> [2] (Id = -1521134293, Distance = 20.0)
         |  |  └> [4,1] (Id = -1670261305, Distance = 83.3333...)
         |  |     └> [4] (Id = -1521134291, Distance = 40.0)
         |  ├> [5,3] (Id = 1103571698, Distance = 113.3333...)
         |  |  ├> [3] (Id = -1521134292, Distance = 30.0)
         |  |  |  └> [2] (Id = -1521134293, Distance = 20.0)
         |  |  ├> [1,3] (Id = -1401825714, Distance = 73.3333...)
         |  |  |  ├> [3,1] (Id = -149127010, Distance = 73.3333...)
         |  |  |  |  ├> [1] (Id = -1521134294, Distance = 10.0)
         |  |  |  |  └> [2,1] (Id = 1372007285, Distance = 63.3333...)
         |  |  |  |     └> [2] (Id = -1521134293, Distance = 20.0)
         |  |  |  ├> [1] (Id = -1521134294, Distance = 10.0)
         |  |  |  └> [1,2] (Id = -1401825715, Distance = 63.3333...)
         |  |  |     ├> [2,1] (Id = 1372007285, Distance = 63.3333...)
         |  |  |     |  └> [2] (Id = -1521134293, Distance = 20.0)
         |  |  |     └> [2] (Id = -1521134293, Distance = 20.0)
         |  |  ├> [3,3] (Id = -149127008, Distance = 93.3333...)
         |  |  |  ├> [2,3] (Id = 1372007287, Distance = 83.3333...)
         |  |  |  |  ├> [3,2] (Id = -149127009, Distance = 83.3333...)
         |  |  |  |  |  ├> [2] (Id = -1521134293, Distance = 20.0)
         |  |  |  |  |  └> [2,2] (Id = 1372007286, Distance = 73.3333...)
         |  |  |  |  ├> [2] (Id = -1521134293, Distance = 20.0)
         |  |  |  |  └> [2,2] (Id = 1372007286, Distance = 73.3333...)
         |  |  |  └> [3,2] (Id = -149127009, Distance = 83.3333...)
         |  |  |     ├> [2] (Id = -1521134293, Distance = 20.0)
         |  |  |     └> [2,2] (Id = 1372007286, Distance = 73.3333...)
         |  |  ├> [4,3] (Id = -1670261303, Distance = 103.3333...)
         |  |  |  ├> [4] (Id = -1521134291, Distance = 40.0)
         |  |  |  └> [4,2] (Id = -1670261304, Distance = 93.3333...)
         |  |  |     └> [2] (Id = -1521134293, Distance = 20.0)
         |  |  └> [5,2] (Id = 1103571697, Distance = 103.3333...)
         |  |     ├> [2] (Id = -1521134293, Distance = 20.0)
         |  |     ├> [1,2] (Id = -1401825715, Distance = 63.3333...)
         |  |     |  ├> [2,1] (Id = 1372007285, Distance = 63.3333...)
         |  |     |  |  └> [1] (Id = -1521134294, Distance = 10.0)
         |  |     |  └> [1] (Id = -1521134294, Distance = 10.0)
         |  |     ├> [3,2] (Id = -149127009, Distance = 83.3333...)
         |  |     |  └> [2,2] (Id = 1372007286, Distance = 73.3333...)
         |  |     └> [4,2] (Id = -1670261304, Distance = 93.3333...)
         |  |        └> [4] (Id = -1521134291, Distance = 40.0)
         |  └> [5,4] (Id = 1103571699, Distance = 123.3333...)
         |     ├> [4] (Id = -1521134291, Distance = 40.0)
         |     ├> [1,4] (Id = -1401825713, Distance = 83.3333...)
         |     |  ├> [4,1] (Id = -1670261305, Distance = 83.3333...)
         |     |  |  └> [1] (Id = -1521134294, Distance = 10.0)
         |     |  └> [1] (Id = -1521134294, Distance = 10.0)
         |     ├> [3,4] (Id = -149127007, Distance = 103.3333...)
         |     |  ├> [4,3] (Id = -1670261303, Distance = 103.3333...)
         |     |  |  ├> [3] (Id = -1521134292, Distance = 30.0)
         |     |  |  |  └> [2] (Id = -1521134293, Distance = 20.0)
         |     |  |  └> [4,2] (Id = -1670261304, Distance = 93.3333...)
         |     |  |     └> [2] (Id = -1521134293, Distance = 20.0)
         |     |  ├> [3] (Id = -1521134292, Distance = 30.0)
         |     |  |  └> [2] (Id = -1521134293, Distance = 20.0)
         |     |  └> [2,4] (Id = 1372007288, Distance = 93.3333...)
         |     |     ├> [4,2] (Id = -1670261304, Distance = 93.3333...)
         |     |     |  └> [2] (Id = -1521134293, Distance = 20.0)
         |     |     └> [2] (Id = -1521134293, Distance = 20.0)
         |     └> [4,4] (Id = -1670261302, Distance = 113.3333...)
         ├> [8,5] (Id = 835136111, Distance = 163.3333...)
         |  ├> [8] (Id = -1521134287, Distance = 80.0)
         |  |  ├> [6] (Id = -1521134289, Distance = 60.0)
         |  |  └> [7] (Id = -1521134288, Distance = 70.0)
         |  ├> [6,5] (Id = -417562595, Distance = 143.3333...)
         |  |  ├> [6] (Id = -1521134289, Distance = 60.0)
         |  |  ├> [6,1] (Id = -417562599, Distance = 103.3333...)
         |  |  |  └> [1] (Id = -1521134294, Distance = 10.0)
         |  |  ├> [6,3] (Id = -417562597, Distance = 123.3333...)
         |  |  |  ├> [3] (Id = -1521134292, Distance = 30.0)
         |  |  |  |  └> [2] (Id = -1521134293, Distance = 20.0)
         |  |  |  └> [6,2] (Id = -417562598, Distance = 113.3333...)
         |  |  |     └> [2] (Id = -1521134293, Distance = 20.0)
         |  |  └> [6,4] (Id = -417562596, Distance = 133.3333...)
         |  |     └> [4] (Id = -1521134291, Distance = 40.0)
         |  ├> [7,5] (Id = -1938696890, Distance = 153.3333...)
         |  |  ├> [7] (Id = -1521134288, Distance = 70.0)
         |  |  ├> [7,1] (Id = -1938696894, Distance = 113.3333...)
         |  |  |  └> [1] (Id = -1521134294, Distance = 10.0)
         |  |  ├> [7,3] (Id = -1938696892, Distance = 133.3333...)
         |  |  |  ├> [3] (Id = -1521134292, Distance = 30.0)
         |  |  |  |  └> [2] (Id = -1521134293, Distance = 20.0)
         |  |  |  └> [7,2] (Id = -1938696893, Distance = 123.3333...)
         |  |  |     └> [2] (Id = -1521134293, Distance = 20.0)
         |  |  └> [7,4] (Id = -1938696891, Distance = 143.3333...)
         |  |     └> [4] (Id = -1521134291, Distance = 40.0)
         |  ├> [8,1] (Id = 835136107, Distance = 123.3333...)
         |  |  ├> [1] (Id = -1521134294, Distance = 10.0)
         |  |  ├> [6,1] (Id = -417562599, Distance = 103.3333...)
         |  |  |  └> [6] (Id = -1521134289, Distance = 60.0)
         |  |  └> [7,1] (Id = -1938696894, Distance = 113.3333...)
         |  |     └> [7] (Id = -1521134288, Distance = 70.0)
         |  ├> [8,3] (Id = 835136109, Distance = 143.3333...)
         |  |  ├> [3] (Id = -1521134292, Distance = 30.0)
         |  |  |  └> [2] (Id = -1521134293, Distance = 20.0)
         |  |  ├> [6,3] (Id = -417562597, Distance = 123.3333...)
         |  |  |  ├> [6] (Id = -1521134289, Distance = 60.0)
         |  |  |  └> [6,2] (Id = -417562598, Distance = 113.3333...)
         |  |  |     └> [2] (Id = -1521134293, Distance = 20.0)
         |  |  ├> [7,3] (Id = -1938696892, Distance = 133.3333...)
         |  |  |  ├> [7] (Id = -1521134288, Distance = 70.0)
         |  |  |  └> [7,2] (Id = -1938696893, Distance = 123.3333...)
         |  |  |     └> [2] (Id = -1521134293, Distance = 20.0)
         |  |  └> [8,2] (Id = 835136108, Distance = 133.3333...)
         |  |     ├> [2] (Id = -1521134293, Distance = 20.0)
         |  |     ├> [6,2] (Id = -417562598, Distance = 113.3333...)
         |  |     |  └> [6] (Id = -1521134289, Distance = 60.0)
         |  |     └> [7,2] (Id = -1938696893, Distance = 123.3333...)
         |  |        └> [7] (Id = -1521134288, Distance = 70.0)
         |  └> [8,4] (Id = 835136110, Distance = 153.3333...)
         |     ├> [4] (Id = -1521134291, Distance = 40.0)
         |     ├> [6,4] (Id = -417562596, Distance = 133.3333...)
         |     |  └> [6] (Id = -1521134289, Distance = 60.0)
         |     └> [7,4] (Id = -1938696891, Distance = 143.3333...)
         |        └> [7] (Id = -1521134288, Distance = 70.0)
         ├> [9,5] (Id = -685998184, Distance = 173.3333...)
         |  ├> [9] (Id = -1521134286, Distance = 90.0)
         |  ├> [9,1] (Id = -685998188, Distance = 133.3333...)
         |  |  └> [1] (Id = -1521134294, Distance = 10.0)
         |  ├> [9,3] (Id = -685998186, Distance = 153.3333...)
         |  |  ├> [3] (Id = -1521134292, Distance = 30.0)
         |  |  |  └> [2] (Id = -1521134293, Distance = 20.0)
         |  |  └> [9,2] (Id = -685998187, Distance = 143.3333...)
         |  |     └> [2] (Id = -1521134293, Distance = 20.0)
         |  └> [9,4] (Id = -685998185, Distance = 163.3333...)
         |     └> [4] (Id = -1521134291, Distance = 40.0)
         ├> [10,1] (Id = 2087834813, Distance = 143.3333...)
         |  ├> [1] (Id = -1521134294, Distance = 10.0)
         |  ├> [0,1] (Id = 119308579, Distance = 43.3333...)
         |  |  ├> [1,0] (Id = -1401825717, Distance = 43.3333...)
         |  |  |  └> [0] (Id = -1521134295, Distance = 0)
         |  |  └> [0] (Id = -1521134295, Distance = 0)
         |  ├> [5,1] (Id = 1103571696, Distance = 93.3333...)
         |  |  ├> [1,1] (Id = -1401825716, Distance = 53.3333...)
         |  |  ├> [3,1] (Id = -149127010, Distance = 73.3333...)
         |  |  |  ├> [3] (Id = -1521134292, Distance = 30.0)
         |  |  |  |  └> [2] (Id = -1521134293, Distance = 20.0)
         |  |  |  └> [2,1] (Id = 1372007285, Distance = 63.3333...)
         |  |  |     └> [2] (Id = -1521134293, Distance = 20.0)
         |  |  └> [4,1] (Id = -1670261305, Distance = 83.3333...)
         |  |     └> [4] (Id = -1521134291, Distance = 40.0)
         |  ├> [8,1] (Id = 835136107, Distance = 123.3333...)
         |  |  ├> [8] (Id = -1521134287, Distance = 80.0)
         |  |  |  ├> [6] (Id = -1521134289, Distance = 60.0)
         |  |  |  └> [7] (Id = -1521134288, Distance = 70.0)
         |  |  ├> [6,1] (Id = -417562599, Distance = 103.3333...)
         |  |  |  └> [6] (Id = -1521134289, Distance = 60.0)
         |  |  └> [7,1] (Id = -1938696894, Distance = 113.3333...)
         |  |     └> [7] (Id = -1521134288, Distance = 70.0)
         |  └> [9,1] (Id = -685998188, Distance = 133.3333...)
         |     └> [9] (Id = -1521134286, Distance = 90.0)
         └> [10,3] (Id = 2087834815, Distance = 163.3333...)
            ├> [3] (Id = -1521134292, Distance = 30.0)
            |  └> [2] (Id = -1521134293, Distance = 20.0)
            ├> [0,3] (Id = 119308581, Distance = 63.3333...)
            |  ├> [3,0] (Id = -149127011, Distance = 63.3333...)
            |  |  ├> [0] (Id = -1521134295, Distance = 0)
            |  |  └> [2,0] (Id = 1372007284, Distance = 53.3333...)
            |  |     └> [2] (Id = -1521134293, Distance = 20.0)
            |  ├> [0] (Id = -1521134295, Distance = 0)
            |  └> [0,2] (Id = 119308580, Distance = 53.3333...)
            |     ├> [2,0] (Id = 1372007284, Distance = 53.3333...)
            |     |  └> [2] (Id = -1521134293, Distance = 20.0)
            |     └> [2] (Id = -1521134293, Distance = 20.0)
            ├> [5,3] (Id = 1103571698, Distance = 113.3333...)
            |  ├> [1,3] (Id = -1401825714, Distance = 73.3333...)
            |  |  ├> [3,1] (Id = -149127010, Distance = 73.3333...)
            |  |  |  ├> [1] (Id = -1521134294, Distance = 10.0)
            |  |  |  └> [2,1] (Id = 1372007285, Distance = 63.3333...)
            |  |  |     └> [2] (Id = -1521134293, Distance = 20.0)
            |  |  ├> [1] (Id = -1521134294, Distance = 10.0)
            |  |  └> [1,2] (Id = -1401825715, Distance = 63.3333...)
            |  |     ├> [2,1] (Id = 1372007285, Distance = 63.3333...)
            |  |     |  └> [2] (Id = -1521134293, Distance = 20.0)
            |  |     └> [2] (Id = -1521134293, Distance = 20.0)
            |  ├> [3,3] (Id = -149127008, Distance = 93.3333...)
            |  |  ├> [2,3] (Id = 1372007287, Distance = 83.3333...)
            |  |  |  ├> [3,2] (Id = -149127009, Distance = 83.3333...)
            |  |  |  |  ├> [2] (Id = -1521134293, Distance = 20.0)
            |  |  |  |  └> [2,2] (Id = 1372007286, Distance = 73.3333...)
            |  |  |  ├> [2] (Id = -1521134293, Distance = 20.0)
            |  |  |  └> [2,2] (Id = 1372007286, Distance = 73.3333...)
            |  |  └> [3,2] (Id = -149127009, Distance = 83.3333...)
            |  |     ├> [2] (Id = -1521134293, Distance = 20.0)
            |  |     └> [2,2] (Id = 1372007286, Distance = 73.3333...)
            |  ├> [4,3] (Id = -1670261303, Distance = 103.3333...)
            |  |  ├> [4] (Id = -1521134291, Distance = 40.0)
            |  |  └> [4,2] (Id = -1670261304, Distance = 93.3333...)
            |  |     └> [2] (Id = -1521134293, Distance = 20.0)
            |  └> [5,2] (Id = 1103571697, Distance = 103.3333...)
            |     ├> [2] (Id = -1521134293, Distance = 20.0)
            |     ├> [1,2] (Id = -1401825715, Distance = 63.3333...)
            |     |  ├> [2,1] (Id = 1372007285, Distance = 63.3333...)
            |     |  |  └> [1] (Id = -1521134294, Distance = 10.0)
            |     |  └> [1] (Id = -1521134294, Distance = 10.0)
            |     ├> [3,2] (Id = -149127009, Distance = 83.3333...)
            |     |  └> [2,2] (Id = 1372007286, Distance = 73.3333...)
            |     └> [4,2] (Id = -1670261304, Distance = 93.3333...)
            |        └> [4] (Id = -1521134291, Distance = 40.0)
            └> [8,3] (Id = 835136109, Distance = 143.3333...)
