[4,5,4,0] (Id = -495245947, Distance = 230.0)
└> [5,4,4,0] (Id = -67826551, Distance = 230.0)
   ├> [5] (Id = -1521134290, Distance = 50.0)
   |  ├> [0] (Id = -1521134295, Distance = 0)
   |  ├> [3] (Id = -1521134292, Distance = 30.0)
   |  |  ├> [1] (Id = -1521134294, Distance = 10.0)
   |  |  └> [2] (Id = -1521134293, Distance = 20.0)
   |  └> [4] (Id = -1521134291, Distance = 40.0)
   └> [5,4,4] (Id = -1103819736, Distance = 196.6667...)
      ├> [5,4] (Id = 1103571699, Distance = 123.3333...)
      |  ├> [4] (Id = -1521134291, Distance = 40.0)
      |  |  ├> [0] (Id = -1521134295, Distance = 0)
      |  |  ├> [2] (Id = -1521134293, Distance = 20.0)
      |  |  |  └> [1] (Id = -1521134294, Distance = 10.0)
      |  |  └> [3] (Id = -1521134292, Distance = 30.0)
      |  ├> [0,4] (Id = 119308582, Distance = 73.3333...)
      |  |  ├> [4,0] (Id = -1670261306, Distance = 73.3333...)
      |  |  |  ├> [0] (Id = -1521134295, Distance = 0)
      |  |  |  ├> [0,0] (Id = 119308578, Distance = 33.3333...)
      |  |  |  ├> [2,0] (Id = 1372007284, Distance = 53.3333...)
      |  |  |  |  ├> [2] (Id = -1521134293, Distance = 20.0)
      |  |  |  |  |  └> [1] (Id = -1521134294, Distance = 10.0)
      |  |  |  |  └> [1,0] (Id = -1401825717, Distance = 43.3333...)
      |  |  |  |     └> [1] (Id = -1521134294, Distance = 10.0)
      |  |  |  └> [3,0] (Id = -149127011, Distance = 63.3333...)
      |  |  |     └> [3] (Id = -1521134292, Distance = 30.0)
      |  |  ├> [0] (Id = -1521134295, Distance = 0)
      |  |  ├> [0,0] (Id = 119308578, Distance = 33.3333...)
      |  |  ├> [0,2] (Id = 119308580, Distance = 53.3333...)
      |  |  |  ├> [2,0] (Id = 1372007284, Distance = 53.3333...)
      |  |  |  |  ├> [2] (Id = -1521134293, Distance = 20.0)
      |  |  |  |  |  └> [1] (Id = -1521134294, Distance = 10.0)
      |  |  |  |  └> [1,0] (Id = -1401825717, Distance = 43.3333...)
      |  |  |  |     └> [1] (Id = -1521134294, Distance = 10.0)
      |  |  |  ├> [2] (Id = -1521134293, Distance = 20.0)
      |  |  |  |  └> [1] (Id = -1521134294, Distance = 10.0)
      |  |  |  └> [0,1] (Id = 119308579, Distance = 43.3333...)
      |  |  |     ├> [1,0] (Id = -1401825717, Distance = 43.3333...)
      |  |  |     |  └> [1] (Id = -1521134294, Distance = 10.0)
      |  |  |     └> [1] (Id = -1521134294, Distance = 10.0)
      |  |  └> [0,3] (Id = 119308581, Distance = 63.3333...)
      |  |     ├> [3,0] (Id = -149127011, Distance = 63.3333...)
      |  |     |  └> [3] (Id = -1521134292, Distance = 30.0)
      |  |     └> [3] (Id = -1521134292, Distance = 30.0)
      |  ├> [3,4] (Id = -149127007, Distance = 103.3333...)
      |  |  ├> [4,3] (Id = -1670261303, Distance = 103.3333...)
      |  |  |  ├> [3] (Id = -1521134292, Distance = 30.0)
      |  |  |  |  ├> [1] (Id = -1521134294, Distance = 10.0)
      |  |  |  |  └> [2] (Id = -1521134293, Distance = 20.0)
      |  |  |  ├> [0,3] (Id = 119308581, Distance = 63.3333...)
      |  |  |  |  ├> [3,0] (Id = -149127011, Distance = 63.3333...)
      |  |  |  |  |  ├> [0] (Id = -1521134295, Distance = 0)
      |  |  |  |  |  ├> [1,0] (Id = -1401825717, Distance = 43.3333...)
      |  |  |  |  |  |  └> [1] (Id = -1521134294, Distance = 10.0)
      |  |  |  |  |  └> [2,0] (Id = 1372007284, Distance = 53.3333...)
      |  |  |  |  |     └> [2] (Id = -1521134293, Distance = 20.0)
      |  |  |  |  ├> [0] (Id = -1521134295, Distance = 0)
      |  |  |  |  ├> [0,1] (Id = 119308579, Distance = 43.3333...)
      |  |  |  |  |  ├> [1,0] (Id = -1401825717, Distance = 43.3333...)
      |  |  |  |  |  |  └> [1] (Id = -1521134294, Distance = 10.0)
      |  |  |  |  |  └> [1] (Id = -1521134294, Distance = 10.0)
      |  |  |  |  └> [0,2] (Id = 119308580, Distance = 53.3333...)
      |  |  |  |     ├> [2,0] (Id = 1372007284, Distance = 53.3333...)
      |  |  |  |     |  └> [2] (Id = -1521134293, Distance = 20.0)
      |  |  |  |     └> [2] (Id = -1521134293, Distance = 20.0)
      |  |  |  ├> [2,3] (Id = 1372007287, Distance = 83.3333...)
      |  |  |  |  ├> [3,2] (Id = -149127009, Distance = 83.3333...)
      |  |  |  |  |  ├> [2] (Id = -1521134293, Distance = 20.0)
      |  |  |  |  |  |  └> [1] (Id = -1521134294, Distance = 10.0)
      |  |  |  |  |  ├> [1,2] (Id = -1401825715, Distance = 63.3333...)
      |  |  |  |  |  |  ├> [2,1] (Id = 1372007285, Distance = 63.3333...)
      |  |  |  |  |  |  |  ├> [1] (Id = -1521134294, Distance = 10.0)
      |  |  |  |  |  |  |  └> [1,1] (Id = -1401825716, Distance = 53.3333...)
      |  |  |  |  |  |  ├> [1] (Id = -1521134294, Distance = 10.0)
      |  |  |  |  |  |  └> [1,1] (Id = -1401825716, Distance = 53.3333...)
      |  |  |  |  |  ├> [2,2] (Id = 1372007286, Distance = 73.3333...)
      |  |  |  |  |  |  └> [2,1] (Id = 1372007285, Distance = 63.3333...)
      |  |  |  |  |  |     └> [1] (Id = -1521134294, Distance = 10.0)
      |  |  |  |  |  └> [3,1] (Id = -149127010, Distance = 73.3333...)
      |  |  |  |  |     ├> [1] (Id = -1521134294, Distance = 10.0)
      |  |  |  |  |     ├> [1,1] (Id = -1401825716, Distance = 53.3333...)
      |  |  |  |  |     └> [2,1] (Id = 1372007285, Distance = 63.3333...)
      |  |  |  |  ├> [2] (Id = -1521134293, Distance = 20.0)
      |  |  |  |  |  └> [1] (Id = -1521134294, Distance = 10.0)
      |  |  |  |  ├> [1,3] (Id = -1401825714, Distance = 73.3333...)
      |  |  |  |  |  ├> [3,1] (Id = -149127010, Distance = 73.3333...)
      |  |  |  |  |  |  ├> [1] (Id = -1521134294, Distance = 10.0)
      |  |  |  |  |  |  ├> [1,1] (Id = -1401825716, Distance = 53.3333...)
      |  |  |  |  |  |  └> [2,1] (Id = 1372007285, Distance = 63.3333...)
      |  |  |  |  |  ├> [1] (Id = -1521134294, Distance = 10.0)
      |  |  |  |  |  ├> [1,1] (Id = -1401825716, Distance = 53.3333...)
      |  |  |  |  |  └> [1,2] (Id = -1401825715, Distance = 63.3333...)
      |  |  |  |  |     └> [2,1] (Id = 1372007285, Distance = 63.3333...)
      |  |  |  |  ├> [2,1] (Id = 1372007285, Distance = 63.3333...)
      |  |  |  |  |  ├> [1] (Id = -1521134294, Distance = 10.0)
      |  |  |  |  |  └> [1,1] (Id = -1401825716, Distance = 53.3333...)
      |  |  |  |  └> [2,2] (Id = 1372007286, Distance = 73.3333...)
      |  |  |  |     └> [1,2] (Id = -1401825715, Distance = 63.3333...)
      |  |  |  |        └> [1] (Id = -1521134294, Distance = 10.0)
      |  |  |  ├> [3,3] (Id = -149127008, Distance = 93.3333...)
      |  |  |  |  ├> [3,1] (Id = -149127010, Distance = 73.3333...)
      |  |  |  |  |  └> [1] (Id = -1521134294, Distance = 10.0)
      |  |  |  |  └> [3,2] (Id = -149127009, Distance = 83.3333...)
      |  |  |  |     └> [2] (Id = -1521134293, Distance = 20.0)
      |  |  |  ├> [4,1] (Id = -1670261305, Distance = 83.3333...)
      |  |  |  |  ├> [1] (Id = -1521134294, Distance = 10.0)
      |  |  |  |  ├> [0,1] (Id = 119308579, Distance = 43.3333...)
      |  |  |  |  |  ├> [1,0] (Id = -1401825717, Distance = 43.3333...)
      |  |  |  |  |  |  └> [0] (Id = -1521134295, Distance = 0)
      |  |  |  |  |  └> [0] (Id = -1521134295, Distance = 0)
      |  |  |  |  ├> [2,1] (Id = 1372007285, Distance = 63.3333...)
      |  |  |  |  |  ├> [2] (Id = -1521134293, Distance = 20.0)
      |  |  |  |  |  └> [1,1] (Id = -1401825716, Distance = 53.3333...)
      |  |  |  |  └> [3,1] (Id = -149127010, Distance = 73.3333...)
      |  |  |  └> [4,2] (Id = -1670261304, Distance = 93.3333...)
      |  |  |     ├> [2] (Id = -1521134293, Distance = 20.0)
      |  |  |     ├> [0,2] (Id = 119308580, Distance = 53.3333...)
      |  |  |     |  ├> [2,0] (Id = 1372007284, Distance = 53.3333...)
      |  |  |     |  |  └> [0] (Id = -1521134295, Distance = 0)
      |  |  |     |  └> [0] (Id = -1521134295, Distance = 0)
      |  |  |     ├> [2,2] (Id = 1372007286, Distance = 73.3333...)
      |  |  |     |  └> [1,2] (Id = -1401825715, Distance = 63.3333...)
      |  |  |     |     ├> [2,1] (Id = 1372007285, Distance = 63.3333...)
      |  |  |     |     |  └> [1] (Id = -1521134294, Distance = 10.0)
      |  |  |     |     └> [1] (Id = -1521134294, Distance = 10.0)
      |  |  |     └> [3,2] (Id = -149127009, Distance = 83.3333...)
      |  |  ├> [3] (Id = -1521134292, Distance = 30.0)
      |  |  |  ├> [1] (Id = -1521134294, Distance = 10.0)
      |  |  |  └> [2] (Id = -1521134293, Distance = 20.0)
      |  |  ├> [1,4] (Id = -1401825713, Distance = 83.3333...)
      |  |  |  ├> [4,1] (Id = -1670261305, Distance = 83.3333...)
      |  |  |  |  ├> [1] (Id = -1521134294, Distance = 10.0)
      |  |  |  |  ├> [0,1] (Id = 119308579, Distance = 43.3333...)
      |  |  |  |  |  ├> [1,0] (Id = -1401825717, Distance = 43.3333...)
      |  |  |  |  |  |  └> [0] (Id = -1521134295, Distance = 0)
      |  |  |  |  |  └> [0] (Id = -1521134295, Distance = 0)
      |  |  |  |  ├> [2,1] (Id = 1372007285, Distance = 63.3333...)
      |  |  |  |  |  ├> [2] (Id = -1521134293, Distance = 20.0)
      |  |  |  |  |  └> [1,1] (Id = -1401825716, Distance = 53.3333...)
      |  |  |  |  └> [3,1] (Id = -149127010, Distance = 73.3333...)
      |  |  |  ├> [1] (Id = -1521134294, Distance = 10.0)
      |  |  |  ├> [1,0] (Id = -1401825717, Distance = 43.3333...)
      |  |  |  |  └> [0] (Id = -1521134295, Distance = 0)
      |  |  |  ├> [1,2] (Id = -1401825715, Distance = 63.3333...)
      |  |  |  |  ├> [2,1] (Id = 1372007285, Distance = 63.3333...)
      |  |  |  |  |  ├> [2] (Id = -1521134293, Distance = 20.0)
      |  |  |  |  |  └> [1,1] (Id = -1401825716, Distance = 53.3333...)
      |  |  |  |  ├> [2] (Id = -1521134293, Distance = 20.0)
      |  |  |  |  └> [1,1] (Id = -1401825716, Distance = 53.3333...)
      |  |  |  └> [1,3] (Id = -1401825714, Distance = 73.3333...)
      |  |  |     └> [3,1] (Id = -149127010, Distance = 73.3333...)
      |  |  ├> [2,4] (Id = 1372007288, Distance = 93.3333...)
      |  |  |  ├> [4,2] (Id = -1670261304, Distance = 93.3333...)
      |  |  |  |  ├> [2] (Id = -1521134293, Distance = 20.0)
      |  |  |  |  ├> [0,2] (Id = 119308580, Distance = 53.3333...)
      |  |  |  |  |  ├> [2,0] (Id = 1372007284, Distance = 53.3333...)
      |  |  |  |  |  |  └> [0] (Id = -1521134295, Distance = 0)
      |  |  |  |  |  └> [0] (Id = -1521134295, Distance = 0)
      |  |  |  |  ├> [2,2] (Id = 1372007286, Distance = 73.3333...)
      |  |  |  |  |  └> [1,2] (Id = -1401825715, Distance = 63.3333...)
      |  |  |  |  |     ├> [2,1] (Id = 1372007285, Distance = 63.3333...)
      |  |  |  |  |     |  └> [1] (Id = -1521134294, Distance = 10.0)
      |  |  |  |  |     └> [1] (Id = -1521134294, Distance = 10.0)
      |  |  |  |  └> [3,2] (Id = -149127009, Distance = 83.3333...)
      |  |  |  ├> [2] (Id = -1521134293, Distance = 20.0)
      |  |  |  ├> [2,0] (Id = 1372007284, Distance = 53.3333...)
      |  |  |  |  └> [0] (Id = -1521134295, Distance = 0)
      |  |  |  ├> [2,2] (Id = 1372007286, Distance = 73.3333...)
      |  |  |  |  └> [2,1] (Id = 1372007285, Distance = 63.3333...)
      |  |  |  |     └> [1] (Id = -1521134294, Distance = 10.0)
      |  |  |  └> [2,3] (Id = 1372007287, Distance = 83.3333...)
      |  |  |     └> [3,2] (Id = -149127009, Distance = 83.3333...)
      |  |  ├> [3,0] (Id = -149127011, Distance = 63.3333...)
      |  |  |  ├> [0] (Id = -1521134295, Distance = 0)
      |  |  |  ├> [1,0] (Id = -1401825717, Distance = 43.3333...)
      |  |  |  |  └> [1] (Id = -1521134294, Distance = 10.0)
      |  |  |  └> [2,0] (Id = 1372007284, Distance = 53.3333...)
      |  |  |     └> [2] (Id = -1521134293, Distance = 20.0)
      |  |  ├> [3,2] (Id = -149127009, Distance = 83.3333...)
      |  |  |  ├> [2] (Id = -1521134293, Distance = 20.0)
      |  |  |  |  └> [1] (Id = -1521134294, Distance = 10.0)
      |  |  |  ├> [1,2] (Id = -1401825715, Distance = 63.3333...)
      |  |  |  |  ├> [2,1] (Id = 1372007285, Distance = 63.3333...)
      |  |  |  |  |  ├> [1] (Id = -1521134294, Distance = 10.0)
      |  |  |  |  |  └> [1,1] (Id = -1401825716, Distance = 53.3333...)
      |  |  |  |  ├> [1] (Id = -1521134294, Distance = 10.0)
      |  |  |  |  └> [1,1] (Id = -1401825716, Distance = 53.3333...)
      |  |  |  ├> [2,2] (Id = 1372007286, Distance = 73.3333...)
      |  |  |  |  └> [2,1] (Id = 1372007285, Distance = 63.3333...)
      |  |  |  |     └> [1] (Id = -1521134294, Distance = 10.0)
      |  |  |  └> [3,1] (Id = -149127010, Distance = 73.3333...)
      |  |  |     ├> [1] (Id = -1521134294, Distance = 10.0)
      |  |  |     ├> [1,1] (Id = -1401825716, Distance = 53.3333...)
      |  |  |     └> [2,1] (Id = 1372007285, Distance = 63.3333...)
      |  |  └> [3,3] (Id = -149127008, Distance = 93.3333...)
      |  |     ├> [1,3] (Id = -1401825714, Distance = 73.3333...)
      |  |     |  ├> [3,1] (Id = -149127010, Distance = 73.3333...)
      |  |     |  |  └> [1] (Id = -1521134294, Distance = 10.0)
      |  |     |  └> [1] (Id = -1521134294, Distance = 10.0)
      |  |     └> [2,3] (Id = 1372007287, Distance = 83.3333...)
      |  |        └> [2] (Id = -1521134293, Distance = 20.0)
      |  ├> [4,4] (Id = -1670261302, Distance = 113.3333...)
      |  |  ├> [4,0] (Id = -1670261306, Distance = 73.3333...)
      |  |  |  └> [0] (Id = -1521134295, Distance = 0)
      |  |  ├> [4,2] (Id = -1670261304, Distance = 93.3333...)
      |  |  |  ├> [2] (Id = -1521134293, Distance = 20.0)
      |  |  |  |  └> [1] (Id = -1521134294, Distance = 10.0)
      |  |  |  └> [4,1] (Id = -1670261305, Distance = 83.3333...)
      |  |  |     └> [1] (Id = -1521134294, Distance = 10.0)
      |  |  └> [4,3] (Id = -1670261303, Distance = 103.3333...)
      |  |     └> [3] (Id = -1521134292, Distance = 30.0)
      |  ├> [5,0] (Id = 1103571695, Distance = 83.3333...)
      |  |  ├> [0] (Id = -1521134295, Distance = 0)
      |  |  ├> [0,0] (Id = 119308578, Distance = 33.3333...)
      |  |  ├> [3,0] (Id = -149127011, Distance = 63.3333...)
      |  |  |  ├> [3] (Id = -1521134292, Distance = 30.0)
      |  |  |  |  ├> [1] (Id = -1521134294, Distance = 10.0)
      |  |  |  |  └> [2] (Id = -1521134293, Distance = 20.0)
      |  |  |  ├> [1,0] (Id = -1401825717, Distance = 43.3333...)
      |  |  |  |  └> [1] (Id = -1521134294, Distance = 10.0)
      |  |  |  └> [2,0] (Id = 1372007284, Distance = 53.3333...)
      |  |  |     └> [2] (Id = -1521134293, Distance = 20.0)
      |  |  └> [4,0] (Id = -1670261306, Distance = 73.3333...)
      |  ├> [5,2] (Id = 1103571697, Distance = 103.3333...)
      |  |  ├> [2] (Id = -1521134293, Distance = 20.0)
      |  |  |  └> [1] (Id = -1521134294, Distance = 10.0)
      |  |  ├> [0,2] (Id = 119308580, Distance = 53.3333...)
      |  |  |  ├> [2,0] (Id = 1372007284, Distance = 53.3333...)
      |  |  |  |  ├> [0] (Id = -1521134295, Distance = 0)
      |  |  |  |  └> [1,0] (Id = -1401825717, Distance = 43.3333...)
      |  |  |  |     └> [1] (Id = -1521134294, Distance = 10.0)
      |  |  |  ├> [0] (Id = -1521134295, Distance = 0)
      |  |  |  └> [0,1] (Id = 119308579, Distance = 43.3333...)
      |  |  |     ├> [1,0] (Id = -1401825717, Distance = 43.3333...)
      |  |  |     |  └> [1] (Id = -1521134294, Distance = 10.0)
      |  |  |     └> [1] (Id = -1521134294, Distance = 10.0)
      |  |  ├> [3,2] (Id = -149127009, Distance = 83.3333...)
      |  |  |  ├> [3] (Id = -1521134292, Distance = 30.0)
      |  |  |  |  └> [1] (Id = -1521134294, Distance = 10.0)
      |  |  |  ├> [1,2] (Id = -1401825715, Distance = 63.3333...)
      |  |  |  |  ├> [2,1] (Id = 1372007285, Distance = 63.3333...)
      |  |  |  |  |  ├> [1] (Id = -1521134294, Distance = 10.0)
      |  |  |  |  |  └> [1,1] (Id = -1401825716, Distance = 53.3333...)
      |  |  |  |  ├> [1] (Id = -1521134294, Distance = 10.0)
      |  |  |  |  └> [1,1] (Id = -1401825716, Distance = 53.3333...)
      |  |  |  ├> [2,2] (Id = 1372007286, Distance = 73.3333...)
      |  |  |  |  └> [2,1] (Id = 1372007285, Distance = 63.3333...)
      |  |  |  |     └> [1] (Id = -1521134294, Distance = 10.0)
      |  |  |  └> [3,1] (Id = -149127010, Distance = 73.3333...)
      |  |  |     ├> [1] (Id = -1521134294, Distance = 10.0)
      |  |  |     ├> [1,1] (Id = -1401825716, Distance = 53.3333...)
      |  |  |     └> [2,1] (Id = 1372007285, Distance = 63.3333...)
      |  |  ├> [4,2] (Id = -1670261304, Distance = 93.3333...)
      |  |  |  └> [4,1] (Id = -1670261305, Distance = 83.3333...)
      |  |  |     └> [1] (Id = -1521134294, Distance = 10.0)
      |  |  └> [5,1] (Id = 1103571696, Distance = 93.3333...)
      |  |     ├> [1] (Id = -1521134294, Distance = 10.0)
      |  |     ├> [0,1] (Id = 119308579, Distance = 43.3333...)
      |  |     |  ├> [1,0] (Id = -1401825717, Distance = 43.3333...)
      |  |     |  |  └> [0] (Id = -1521134295, Distance = 0)
      |  |     |  └> [0] (Id = -1521134295, Distance = 0)
      |  |     ├> [3,1] (Id = -149127010, Distance = 73.3333...)
      |  |     |  ├> [3] (Id = -1521134292, Distance = 30.0)
      |  |     |  ├> [1,1] (Id = -1401825716, Distance = 53.3333...)
      |  |     |  └> [2,1] (Id = 1372007285, Distance = 63.3333...)
      |  |     └> [4,1] (Id = -1670261305, Distance = 83.3333...)
      |  └> [5,3] (Id = 1103571698, Distance = 113.3333...)
      |     ├> [3] (Id = -1521134292, Distance = 30.0)
      |     ├> [0,3] (Id = 119308581, Distance = 63.3333...)
      |     |  ├> [3,0] (Id = -149127011, Distance = 63.3333...)
      |     |  |  └> [0] (Id = -1521134295, Distance = 0)
      |     |  └> [0] (Id = -1521134295, Distance = 0)
      |     ├> [3,3] (Id = -149127008, Distance = 93.3333...)
      |     |  ├> [1,3] (Id = -1401825714, Distance = 73.3333...)
      |     |  |  ├> [3,1] (Id = -149127010, Distance = 73.3333...)
      |     |  |  |  └> [1] (Id = -1521134294, Distance = 10.0)
      |     |  |  └> [1] (Id = -1521134294, Distance = 10.0)
      |     |  └> [2,3] (Id = 1372007287, Distance = 83.3333...)
      |     |     ├> [3,2] (Id = -149127009, Distance = 83.3333...)
      |     |     |  └> [2] (Id = -1521134293, Distance = 20.0)
      |     |     └> [2] (Id = -1521134293, Distance = 20.0)
      |     └> [4,3] (Id = -1670261303, Distance = 103.3333...)
      ├> [4,4] (Id = -1670261302, Distance = 113.3333...)
      |  ├> [4] (Id = -1521134291, Distance = 40.0)
      |  |  ├> [0] (Id = -1521134295, Distance = 0)
      |  |  ├> [2] (Id = -1521134293, Distance = 20.0)
      |  |  |  └> [1] (Id = -1521134294, Distance = 10.0)
      |  |  └> [3] (Id = -1521134292, Distance = 30.0)
      |  ├> [0,4] (Id = 119308582, Distance = 73.3333...)
      |  |  ├> [4,0] (Id = -1670261306, Distance = 73.3333...)
      |  |  |  ├> [0] (Id = -1521134295, Distance = 0)
      |  |  |  ├> [0,0] (Id = 119308578, Distance = 33.3333...)
      |  |  |  ├> [2,0] (Id = 1372007284, Distance = 53.3333...)
      |  |  |  |  ├> [2] (Id = -1521134293, Distance = 20.0)
      |  |  |  |  |  └> [1] (Id = -1521134294, Distance = 10.0)
      |  |  |  |  └> [1,0] (Id = -1401825717, Distance = 43.3333...)
      |  |  |  |     └> [1] (Id = -1521134294, Distance = 10.0)
      |  |  |  └> [3,0] (Id = -149127011, Distance = 63.3333...)
      |  |  |     └> [3] (Id = -1521134292, Distance = 30.0)
      |  |  ├> [0] (Id = -1521134295, Distance = 0)
      |  |  ├> [0,0] (Id = 119308578, Distance = 33.3333...)
      |  |  ├> [0,2] (Id = 119308580, Distance = 53.3333...)
      |  |  |  ├> [2,0] (Id = 1372007284, Distance = 53.3333...)
      |  |  |  |  ├> [2] (Id = -1521134293, Distance = 20.0)
      |  |  |  |  |  └> [1] (Id = -1521134294, Distance = 10.0)
      |  |  |  |  └> [1,0] (Id = -1401825717, Distance = 43.3333...)
      |  |  |  |     └> [1] (Id = -1521134294, Distance = 10.0)
      |  |  |  ├> [2] (Id = -1521134293, Distance = 20.0)
      |  |  |  |  └> [1] (Id = -1521134294, Distance = 10.0)
      |  |  |  └> [0,1] (Id = 119308579, Distance = 43.3333...)
      |  |  |     ├> [1,0] (Id = -1401825717, Distance = 43.3333...)
      |  |  |     |  └> [1] (Id = -1521134294, Distance = 10.0)
      |  |  |     └> [1] (Id = -1521134294, Distance = 10.0)
      |  |  └> [0,3] (Id = 119308581, Distance = 63.3333...)
      |  |     ├> [3,0] (Id = -149127011, Distance = 63.3333...)
      |  |     |  └> [3] (Id = -1521134292, Distance = 30.0)
      |  |     └> [3] (Id = -1521134292, Distance = 30.0)
      |  ├> [2,4] (Id = 1372007288, Distance = 93.3333...)
      |  |  ├> [4,2] (Id = -1670261304, Distance = 93.3333...)
      |  |  |  ├> [2] (Id = -1521134293, Distance = 20.0)
      |  |  |  |  └> [1] (Id = -1521134294, Distance = 10.0)
      |  |  |  ├> [0,2] (Id = 119308580, Distance = 53.3333...)
      |  |  |  |  ├> [2,0] (Id = 1372007284, Distance = 53.3333...)
      |  |  |  |  |  ├> [0] (Id = -1521134295, Distance = 0)
      |  |  |  |  |  └> [1,0] (Id = -1401825717, Distance = 43.3333...)
      |  |  |  |  |     └> [1] (Id = -1521134294, Distance = 10.0)
      |  |  |  |  ├> [0] (Id = -1521134295, Distance = 0)
      |  |  |  |  └> [0,1] (Id = 119308579, Distance = 43.3333...)
      |  |  |  |     ├> [1,0] (Id = -1401825717, Distance = 43.3333...)
      |  |  |  |     |  └> [1] (Id = -1521134294, Distance = 10.0)
      |  |  |  |     └> [1] (Id = -1521134294, Distance = 10.0)
      |  |  |  ├> [2,2] (Id = 1372007286, Distance = 73.3333...)
      |  |  |  |  ├> [1,2] (Id = -1401825715, Distance = 63.3333...)
      |  |  |  |  |  ├> [2,1] (Id = 1372007285, Distance = 63.3333...)
      |  |  |  |  |  |  ├> [1] (Id = -1521134294, Distance = 10.0)
      |  |  |  |  |  |  └> [1,1] (Id = -1401825716, Distance = 53.3333...)
      |  |  |  |  |  ├> [1] (Id = -1521134294, Distance = 10.0)
      |  |  |  |  |  └> [1,1] (Id = -1401825716, Distance = 53.3333...)
      |  |  |  |  └> [2,1] (Id = 1372007285, Distance = 63.3333...)
      |  |  |  |     ├> [1] (Id = -1521134294, Distance = 10.0)
      |  |  |  |     └> [1,1] (Id = -1401825716, Distance = 53.3333...)
      |  |  |  ├> [3,2] (Id = -149127009, Distance = 83.3333...)
      |  |  |  |  ├> [3] (Id = -1521134292, Distance = 30.0)
      |  |  |  |  └> [3,1] (Id = -149127010, Distance = 73.3333...)
      |  |  |  |     └> [1] (Id = -1521134294, Distance = 10.0)
      |  |  |  └> [4,1] (Id = -1670261305, Distance = 83.3333...)
      |  |  |     ├> [1] (Id = -1521134294, Distance = 10.0)
      |  |  |     ├> [0,1] (Id = 119308579, Distance = 43.3333...)
      |  |  |     |  ├> [1,0] (Id = -1401825717, Distance = 43.3333...)
      |  |  |     |  |  └> [0] (Id = -1521134295, Distance = 0)
      |  |  |     |  └> [0] (Id = -1521134295, Distance = 0)
      |  |  |     ├> [2,1] (Id = 1372007285, Distance = 63.3333...)
      |  |  |     |  └> [1,1] (Id = -1401825716, Distance = 53.3333...)
      |  |  |     └> [3,1] (Id = -149127010, Distance = 73.3333...)
      |  |  |        └> [3] (Id = -1521134292, Distance = 30.0)
      |  |  ├> [2] (Id = -1521134293, Distance = 20.0)
      |  |  |  └> [1] (Id = -1521134294, Distance = 10.0)
      |  |  ├> [1,4] (Id = -1401825713, Distance = 83.3333...)
      |  |  |  ├> [4,1] (Id = -1670261305, Distance = 83.3333...)
      |  |  |  |  ├> [1] (Id = -1521134294, Distance = 10.0)
      |  |  |  |  ├> [0,1] (Id = 119308579, Distance = 43.3333...)
      |  |  |  |  |  ├> [1,0] (Id = -1401825717, Distance = 43.3333...)
      |  |  |  |  |  |  └> [0] (Id = -1521134295, Distance = 0)
      |  |  |  |  |  └> [0] (Id = -1521134295, Distance = 0)
      |  |  |  |  ├> [2,1] (Id = 1372007285, Distance = 63.3333...)
      |  |  |  |  |  └> [1,1] (Id = -1401825716, Distance = 53.3333...)
      |  |  |  |  └> [3,1] (Id = -149127010, Distance = 73.3333...)
      |  |  |  |     └> [3] (Id = -1521134292, Distance = 30.0)
      |  |  |  ├> [1] (Id = -1521134294, Distance = 10.0)
      |  |  |  ├> [1,0] (Id = -1401825717, Distance = 43.3333...)
      |  |  |  |  └> [0] (Id = -1521134295, Distance = 0)
      |  |  |  ├> [1,2] (Id = -1401825715, Distance = 63.3333...)
      |  |  |  |  ├> [2,1] (Id = 1372007285, Distance = 63.3333...)
      |  |  |  |  |  └> [1,1] (Id = -1401825716, Distance = 53.3333...)
      |  |  |  |  └> [1,1] (Id = -1401825716, Distance = 53.3333...)
      |  |  |  └> [1,3] (Id = -1401825714, Distance = 73.3333...)
      |  |  |     ├> [3,1] (Id = -149127010, Distance = 73.3333...)
      |  |  |     |  └> [3] (Id = -1521134292, Distance = 30.0)
      |  |  |     └> [3] (Id = -1521134292, Distance = 30.0)
      |  |  ├> [2,0] (Id = 1372007284, Distance = 53.3333...)
      |  |  |  ├> [0] (Id = -1521134295, Distance = 0)
      |  |  |  └> [1,0] (Id = -1401825717, Distance = 43.3333...)
      |  |  |     └> [1] (Id = -1521134294, Distance = 10.0)
      |  |  ├> [2,2] (Id = 1372007286, Distance = 73.3333...)
      |  |  |  ├> [1,2] (Id = -1401825715, Distance = 63.3333...)
      |  |  |  |  ├> [2,1] (Id = 1372007285, Distance = 63.3333...)
      |  |  |  |  |  ├> [1] (Id = -1521134294, Distance = 10.0)
      |  |  |  |  |  └> [1,1] (Id = -1401825716, Distance = 53.3333...)
      |  |  |  |  ├> [1] (Id = -1521134294, Distance = 10.0)
      |  |  |  |  └> [1,1] (Id = -1401825716, Distance = 53.3333...)
      |  |  |  └> [2,1] (Id = 1372007285, Distance = 63.3333...)
      |  |  |     ├> [1] (Id = -1521134294, Distance = 10.0)
      |  |  |     └> [1,1] (Id = -1401825716, Distance = 53.3333...)
      |  |  └> [2,3] (Id = 1372007287, Distance = 83.3333...)
      |  |     ├> [3,2] (Id = -149127009, Distance = 83.3333...)
      |  |     |  ├> [3] (Id = -1521134292, Distance = 30.0)
      |  |     |  └> [3,1] (Id = -149127010, Distance = 73.3333...)
      |  |     |     └> [1] (Id = -1521134294, Distance = 10.0)
      |  |     ├> [3] (Id = -1521134292, Distance = 30.0)
      |  |     └> [1,3] (Id = -1401825714, Distance = 73.3333...)
      |  |        ├> [3,1] (Id = -149127010, Distance = 73.3333...)
      |  |        |  └> [1] (Id = -1521134294, Distance = 10.0)
      |  |        └> [1] (Id = -1521134294, Distance = 10.0)
      |  ├> [3,4] (Id = -149127007, Distance = 103.3333...)
      |  |  ├> [4,3] (Id = -1670261303, Distance = 103.3333...)
      |  |  |  ├> [3] (Id = -1521134292, Distance = 30.0)
      |  |  |  ├> [0,3] (Id = 119308581, Distance = 63.3333...)
      |  |  |  |  ├> [3,0] (Id = -149127011, Distance = 63.3333...)
      |  |  |  |  |  └> [0] (Id = -1521134295, Distance = 0)
      |  |  |  |  └> [0] (Id = -1521134295, Distance = 0)
      |  |  |  ├> [2,3] (Id = 1372007287, Distance = 83.3333...)
      |  |  |  |  ├> [3,2] (Id = -149127009, Distance = 83.3333...)
      |  |  |  |  |  ├> [2] (Id = -1521134293, Distance = 20.0)
      |  |  |  |  |  |  └> [1] (Id = -1521134294, Distance = 10.0)
      |  |  |  |  |  └> [3,1] (Id = -149127010, Distance = 73.3333...)
      |  |  |  |  |     └> [1] (Id = -1521134294, Distance = 10.0)
      |  |  |  |  ├> [2] (Id = -1521134293, Distance = 20.0)
      |  |  |  |  |  └> [1] (Id = -1521134294, Distance = 10.0)
      |  |  |  |  └> [1,3] (Id = -1401825714, Distance = 73.3333...)
      |  |  |  |     ├> [3,1] (Id = -149127010, Distance = 73.3333...)
      |  |  |  |     |  └> [1] (Id = -1521134294, Distance = 10.0)
      |  |  |  |     └> [1] (Id = -1521134294, Distance = 10.0)
      |  |  |  └> [3,3] (Id = -149127008, Distance = 93.3333...)
      |  |  ├> [3] (Id = -1521134292, Distance = 30.0)
      |  |  ├> [3,0] (Id = -149127011, Distance = 63.3333...)
      |  |  |  └> [0] (Id = -1521134295, Distance = 0)
      |  |  ├> [3,2] (Id = -149127009, Distance = 83.3333...)
      |  |  |  ├> [2] (Id = -1521134293, Distance = 20.0)
      |  |  |  |  └> [1] (Id = -1521134294, Distance = 10.0)
      |  |  |  └> [3,1] (Id = -149127010, Distance = 73.3333...)
      |  |  |     └> [1] (Id = -1521134294, Distance = 10.0)
      |  |  └> [3,3] (Id = -149127008, Distance = 93.3333...)
      |  ├> [4,0] (Id = -1670261306, Distance = 73.3333...)
      |  |  ├> [0] (Id = -1521134295, Distance = 0)
      |  |  ├> [0,0] (Id = 119308578, Distance = 33.3333...)
      |  |  ├> [2,0] (Id = 1372007284, Distance = 53.3333...)
      |  |  |  ├> [2] (Id = -1521134293, Distance = 20.0)
      |  |  |  |  └> [1] (Id = -1521134294, Distance = 10.0)
      |  |  |  └> [1,0] (Id = -1401825717, Distance = 43.3333...)
      |  |  |     └> [1] (Id = -1521134294, Distance = 10.0)
      |  |  └> [3,0] (Id = -149127011, Distance = 63.3333...)
      |  |     └> [3] (Id = -1521134292, Distance = 30.0)
      |  ├> [4,2] (Id = -1670261304, Distance = 93.3333...)
      |  |  ├> [2] (Id = -1521134293, Distance = 20.0)
      |  |  |  └> [1] (Id = -1521134294, Distance = 10.0)
      |  |  ├> [0,2] (Id = 119308580, Distance = 53.3333...)
      |  |  |  ├> [2,0] (Id = 1372007284, Distance = 53.3333...)
      |  |  |  |  ├> [0] (Id = -1521134295, Distance = 0)
      |  |  |  |  └> [1,0] (Id = -1401825717, Distance = 43.3333...)
      |  |  |  |     └> [1] (Id = -1521134294, Distance = 10.0)
      |  |  |  ├> [0] (Id = -1521134295, Distance = 0)
      |  |  |  └> [0,1] (Id = 119308579, Distance = 43.3333...)
      |  |  |     ├> [1,0] (Id = -1401825717, Distance = 43.3333...)
      |  |  |     |  └> [1] (Id = -1521134294, Distance = 10.0)
      |  |  |     └> [1] (Id = -1521134294, Distance = 10.0)
      |  |  ├> [2,2] (Id = 1372007286, Distance = 73.3333...)
      |  |  |  ├> [1,2] (Id = -1401825715, Distance = 63.3333...)
      |  |  |  |  ├> [2,1] (Id = 1372007285, Distance = 63.3333...)
      |  |  |  |  |  ├> [1] (Id = -1521134294, Distance = 10.0)
      |  |  |  |  |  └> [1,1] (Id = -1401825716, Distance = 53.3333...)
      |  |  |  |  ├> [1] (Id = -1521134294, Distance = 10.0)
      |  |  |  |  └> [1,1] (Id = -1401825716, Distance = 53.3333...)
      |  |  |  └> [2,1] (Id = 1372007285, Distance = 63.3333...)
      |  |  |     ├> [1] (Id = -1521134294, Distance = 10.0)
      |  |  |     └> [1,1] (Id = -1401825716, Distance = 53.3333...)
      |  |  ├> [3,2] (Id = -149127009, Distance = 83.3333...)
      |  |  |  ├> [3] (Id = -1521134292, Distance = 30.0)
      |  |  |  └> [3,1] (Id = -149127010, Distance = 73.3333...)
      |  |  |     └> [1] (Id = -1521134294, Distance = 10.0)
      |  |  └> [4,1] (Id = -1670261305, Distance = 83.3333...)
      |  |     ├> [1] (Id = -1521134294, Distance = 10.0)
      |  |     ├> [0,1] (Id = 119308579, Distance = 43.3333...)
      |  |     |  ├> [1,0] (Id = -1401825717, Distance = 43.3333...)
      |  |     |  |  └> [0] (Id = -1521134295, Distance = 0)
      |  |     |  └> [0] (Id = -1521134295, Distance = 0)
      |  |     ├> [2,1] (Id = 1372007285, Distance = 63.3333...)
      |  |     |  └> [1,1] (Id = -1401825716, Distance = 53.3333...)
      |  |     └> [3,1] (Id = -149127010, Distance = 73.3333...)
      |  |        └> [3] (Id = -1521134292, Distance = 30.0)
      |  └> [4,3] (Id = -1670261303, Distance = 103.3333...)
      |     ├> [3] (Id = -1521134292, Distance = 30.0)
      |     ├> [0,3] (Id = 119308581, Distance = 63.3333...)
      |     |  ├> [3,0] (Id = -149127011, Distance = 63.3333...)
      |     |  |  └> [0] (Id = -1521134295, Distance = 0)
      |     |  └> [0] (Id = -1521134295, Distance = 0)
      |     ├> [2,3] (Id = 1372007287, Distance = 83.3333...)
      |     |  ├> [3,2] (Id = -149127009, Distance = 83.3333...)
      |     |  |  ├> [2] (Id = -1521134293, Distance = 20.0)
      |     |  |  |  └> [1] (Id = -1521134294, Distance = 10.0)
      |     |  |  └> [3,1] (Id = -149127010, Distance = 73.3333...)
      |     |  |     └> [1] (Id = -1521134294, Distance = 10.0)
      |     |  ├> [2] (Id = -1521134293, Distance = 20.0)
      |     |  |  └> [1] (Id = -1521134294, Distance = 10.0)
      |     |  └> [1,3] (Id = -1401825714, Distance = 73.3333...)
      |     |     ├> [3,1] (Id = -149127010, Distance = 73.3333...)
      |     |     |  └> [1] (Id = -1521134294, Distance = 10.0)
      |     |     └> [1] (Id = -1521134294, Distance = 10.0)
      |     └> [3,3] (Id = -149127008, Distance = 93.3333...)
      └> [0,4,4] (Id = 745392467, Distance = 146.6667...)
         └> [4,4,0] (Id = 984009619, Distance = 146.6667...)
