[0,3] (Id = 1372007287, Distance = 63.3333...)
├> [3,0] (Id = -149127011, Distance = 63.3333...)
|  ├> [3] (Id = -1521134292, Distance = 30.0)
|  |  ├> [0] (Id = -1521134295, Distance = 0)
|  |  └> [2] (Id = -1521134293, Distance = 20.0)
|  |     └> [1] (Id = -1521134294, Distance = 10.0)
|  ├> [0] (Id = -1521134295, Distance = 0)
|  ├> [0,0] (Id = 119308578, Distance = 33.3333...)
|  └> [2,0] (Id = 1372007284, Distance = 53.3333...)
|     ├> [2] (Id = -1521134293, Distance = 20.0)
|     |  └> [1] (Id = -1521134294, Distance = 10.0)
|     └> [1,0] (Id = -1401825717, Distance = 43.3333...)
|        └> [1] (Id = -1521134294, Distance = 10.0)
├> [0] (Id = -1521134295, Distance = 0)
├> [3] (Id = -1521134292, Distance = 30.0)
|  └> [2] (Id = -1521134293, Distance = 20.0)
|     └> [1] (Id = -1521134294, Distance = 10.0)
├> [0,0] (Id = 119308578, Distance = 33.3333...)
└> [0,2] (Id = 119308580, Distance = 53.3333...)
   ├> [2,0] (Id = 1372007284, Distance = 53.3333...)
   |  ├> [2] (Id = -1521134293, Distance = 20.0)
   |  |  └> [1] (Id = -1521134294, Distance = 10.0)
   |  └> [1,0] (Id = -1401825717, Distance = 43.3333...)
   |     └> [1] (Id = -1521134294, Distance = 10.0)
   ├> [2] (Id = -1521134293, Distance = 20.0)
   |  └> [1] (Id = -1521134294, Distance = 10.0)
   └> [0,1] (Id = 119308579, Distance = 43.3333...)
      ├> [1,0] (Id = -1401825717, Distance = 43.3333...)
      |  └> [1] (Id = -1521134294, Distance = 10.0)
      └> [1] (Id = -1521134294, Distance = 10.0)
