{
  "Iterations": 50,
  "Discards": 68,
  "Shrinks": 0,
  "Counterexample": null,
  "Checks": [],
  "InitialParameters": {
    "Rng": {
      "Family": 0,
      "Seed": 0,
      "Order": 0
    },
    "Size": {
      "Value": 0
    }
  },
  "NextParameters": {
    "Rng": {
      "Family": 0,
      "Seed": 1234131494,
      "Order": 351
    },
    "Size": {
      "Value": 0
    }
  },
  "TerminationReason": "ReachedMaximumIterations",
  "Falsified": false,
  "RandomnessConsumption": 351
}
