{
  "Iterations": 1,
  "Discards": 0,
  "Shrinks": 0,
  "Counterexample": {
    "Id": {},
    "Value": 0,
    "Distance": 0.0,
    "ReplayParameters": {
      "Rng": {
        "Family": 0,
        "Seed": 0,
        "Order": 0
      },
      "Size": {
        "Value": 0
      },
      "RngWaypoint": null
    },
    "ReplayPath": [],
    "Replay": "",
    "Exception": null,
    "PresentedInput": [
      0
    ]
  },
  "Checks": [],
  "InitialParameters": {
    "Rng": {
      "Family": 0,
      "Seed": 0,
      "Order": 0
    },
    "Size": {
      "Value": 0
    },
    "RngWaypoint": null
  },
  "NextParameters": {
    "Rng": {
      "Family": 0,
      "Seed": 0,
      "Order": 0
    },
    "Size": {
      "Value": 0
    },
    "RngWaypoint": null
  },
  "TerminationReason": "FoundTheoreticalSmallestCounterexample",
  "Falsified": true,
  "RandomnessConsumption": 0
}
