{
  "Iterations": 100,
  "Discards": 0,
  "Shrinks": 0,
  "Counterexample": null,
  "Checks": [],
  "InitialParameters": {
    "Rng": {
      "Family": 0,
      "Seed": 0,
      "Order": 0
    },
    "Size": {
      "Value": 0
    },
    "RngWaypoint": null
  },
  "NextParameters": {
    "Rng": {
      "Family": 0,
      "Seed": 261656807,
      "Order": 137
    },
    "Size": {
      "Value": 0
    },
    "RngWaypoint": null
  },
  "TerminationReason": "ReachedMaximumIterations",
  "Falsified": false,
  "RandomnessConsumption": 137
}
