[
  0,
  1,
  1,
  0,
  1,
  0,
  1,
  0,
  0,
  1,
  1,
  1,
  0,
  1,
  0,
  1,
  0,
  1,
  1,
  1,
  0,
  3,
  4,
  5,
  5,
  3,
  3,
  2,
  2,
  3,
  2,
  0,
  5,
  0,
  2,
  1,
  1,
  3,
  1,
  5,
  1,
  8,
  10,
  3,
  8,
  4,
  2,
  4,
  0,
  3,
  2,
  0,
  8,
  3,
  2,
  6,
  5,
  7,
  0,
  0,
  6,
  10,
  0,
  2,
  7,
  10,
  7,
  8,
  2,
  8,
  10,
  2,
  5,
  9,
  10,
  5,
  1,
  10,
  9,
  2,
  7,
  4,
  10,
  9,
  10,
  10,
  10,
  6,
  10,
  10,
  10,
  10,
  4,
  10,
  3,
  9,
  10,
  10,
  5,
  10
]
