Create, Read, Update, Delete (Id = 1861272502, Distance = 300.0000)
├> Read (Id = -1521134294, Distance = 33.3333...)
├> Create, Read, Update (Id = 447132990, Distance = 166.6667...)
|  ├> Create, Read (Id = -1401825717, Distance = 66.6667...)
|  |  └> Create (Id = -1521134295, Distance = 0)
|  ├> Create, Update (Id = 119308580, Distance = 100.0000)
|  |  ├> Create (Id = -1521134295, Distance = 0)
|  |  └> Update (Id = -1521134293, Distance = 66.6667...)
|  └> Read, Update (Id = -1401825715, Distance = 133.3333...)
|     └> Update (Id = -1521134293, Distance = 66.6667...)
├> Create, Read (Id = -1401825717, Distance = 66.6667...)
|  └> Create (Id = -1521134295, Distance = 0)
├> Update, Delete (Id = 1372007287, Distance = 200.0000)
|  ├> Update (Id = -1521134293, Distance = 66.6667...)
|  └> Delete (Id = -1521134292, Distance = 100)
├> Create, Update, Delete (Id = -507306240, Distance = 233.3333...)
|  ├> Create (Id = -1521134295, Distance = 0)
|  ├> Create, Update (Id = 119308580, Distance = 100.0000)
|  |  └> Update (Id = -1521134293, Distance = 66.6667...)
|  └> Create, Delete (Id = 119308581, Distance = 133.3333...)
|     └> Delete (Id = -1521134292, Distance = 100)
├> Read, Update, Delete (Id = 1699831697, Distance = 266.6667...)
|  ├> Read, Update (Id = -1401825715, Distance = 133.3333...)
|  |  └> Update (Id = -1521134293, Distance = 66.6667...)
|  └> Read, Delete (Id = -1401825714, Distance = 166.6667...)
|     └> Delete (Id = -1521134292, Distance = 100)
└> Create, Read, Delete (Id = 447132991, Distance = 200.0000)
   ├> Create, Delete (Id = 119308581, Distance = 133.3333...)
   |  ├> Create (Id = -1521134295, Distance = 0)
   |  └> Delete (Id = -1521134292, Distance = 100)
   └> Read, Delete (Id = -1401825714, Distance = 166.6667...)
      └> Delete (Id = -1521134292, Distance = 100)
