Sampled 100 values (0 discarded):

Sample[0]: 0
Sample[1]: 15887705
Sample[2]: 95085
Sample[3]: -23700968
Sample[4]: 3414426
Sample[5]: 16040128
Sample[6]: -21912249
Sample[7]: 4370276
Sample[8]: 12176545
Sample[9]: -9209439
Sample[10]: 3707636
Sample[11]: 9802992
Sample[12]: -29411990
Sample[13]: 4800709
Sample[14]: -25133105
Sample[15]: -32411626
Sample[16]: 24424795
Sample[17]: 18063586
Sample[18]: 324114
Sample[19]: 43528816
Sample[20]: 31814189
Sample[21]: -45145710
Sample[22]: 36070012
Sample[23]: 36622743
Sample[24]: -39751247
Sample[25]: 12178391
Sample[26]: -30003680
Sample[27]: 30253423
Sample[28]: -34855906
Sample[29]: 52793788
Sample[30]: 24851111
Sample[31]: -42458312
Sample[32]: 45898743
Sample[33]: -84502047
Sample[34]: -78162308
Sample[35]: 65184701
Sample[36]: -29949621
Sample[37]: -52049366
Sample[38]: -106953826
Sample[39]: -838430
Sample[40]: -58462108
Sample[41]: 103121942
Sample[42]: 72075179
Sample[43]: 46778363
Sample[44]: -7137693
Sample[45]: -144818666
Sample[46]: -18376260
Sample[47]: -76046216
Sample[48]: -157440604
Sample[49]: 108071690
Sample[50]: 207885583
Sample[51]: -2147483648
Sample[52]: -79862039
Sample[53]: -152893026
Sample[54]: 181663906
Sample[55]: 226849489
Sample[56]: 243708389
Sample[57]: -121308031
Sample[58]: -191876609
Sample[59]: -28330420
Sample[60]: 47995021
Sample[61]: 224864622
Sample[62]: -158112241
Sample[63]: 58549313
Sample[64]: -325970888
Sample[65]: 2147483647
Sample[66]: 124622768
Sample[67]: -437934656
Sample[68]: -136246960
Sample[69]: 259930208
Sample[70]: 65556362
Sample[71]: 513964755
Sample[72]: 500673659
Sample[73]: 3708236
Sample[74]: -2147483648
Sample[75]: 421660699
Sample[76]: 2147483647
Sample[77]: 652306502
Sample[78]: 2147483647
Sample[79]: -506889298
Sample[80]: -845193478
Sample[81]: -2147483648
Sample[82]: -727696745
Sample[83]: 633654634
Sample[84]: 408791528
Sample[85]: -300628973
Sample[86]: 987344888
Sample[87]: -487141752
Sample[88]: -2147483648
Sample[89]: -167729458
Sample[90]: -37436995
Sample[91]: -253912852
Sample[92]: -2147483648
Sample[93]: -2147483648
Sample[94]: 2147483647
Sample[95]: 2147483647
Sample[96]: 2147483647
Sample[97]: 1098578882
Sample[98]: 2147483647
Sample[99]: -2147483648
